Archive member included to satisfy reference by file (symbol)

c:/program files (x86)/gnu tools arm embedded/5.3 2016q1/bin/../lib/gcc/arm-none-eabi/5.3.1/armv7-m\libgcc.a(_aeabi_ldivmod.o)
                              IRSensorController.o (__aeabi_ldivmod)
c:/program files (x86)/gnu tools arm embedded/5.3 2016q1/bin/../lib/gcc/arm-none-eabi/5.3.1/armv7-m\libgcc.a(_udivmoddi4.o)
                              c:/program files (x86)/gnu tools arm embedded/5.3 2016q1/bin/../lib/gcc/arm-none-eabi/5.3.1/armv7-m\libgcc.a(_aeabi_ldivmod.o) (__udivmoddi4)
c:/program files (x86)/gnu tools arm embedded/5.3 2016q1/bin/../lib/gcc/arm-none-eabi/5.3.1/armv7-m\libgcc.a(_dvmd_tls.o)
                              c:/program files (x86)/gnu tools arm embedded/5.3 2016q1/bin/../lib/gcc/arm-none-eabi/5.3.1/armv7-m\libgcc.a(_aeabi_ldivmod.o) (__aeabi_ldiv0)

Allocating common symbols
Common symbol       size              file

__dso_handle        0x4               bmptk_cortex.o

Discarded input sections

 .group         0x00000000        0x8 IRSensorController.o
 .group         0x00000000        0x8 IRSensorController.o
 .group         0x00000000        0x8 IRSensorController.o
 .group         0x00000000        0x8 IRSensorController.o
 .group         0x00000000        0x8 IRSensorController.o
 .group         0x00000000        0x8 IRSensorController.o
 .group         0x00000000        0x8 IRSensorController.o
 .group         0x00000000        0x8 IRSensorController.o
 .group         0x00000000        0x8 IRSensorController.o
 .group         0x00000000        0x8 IRSensorController.o
 .group         0x00000000        0x8 IRSensorController.o
 .group         0x00000000        0x8 IRSensorController.o
 .group         0x00000000        0x8 IRSensorController.o
 .group         0x00000000        0x8 IRSensorController.o
 .group         0x00000000        0x8 IRSensorController.o
 .group         0x00000000        0x8 IRSensorController.o
 .group         0x00000000        0x8 IRSensorController.o
 .group         0x00000000        0x8 IRSensorController.o
 .group         0x00000000        0x8 IRSensorController.o
 .group         0x00000000        0x8 IRSensorController.o
 .group         0x00000000        0x8 IRSensorController.o
 .group         0x00000000        0x8 IRSensorController.o
 .group         0x00000000        0x8 IRSensorController.o
 .group         0x00000000        0x8 IRSensorController.o
 .group         0x00000000        0x8 IRSensorController.o
 .group         0x00000000        0x8 IRSensorController.o
 .group         0x00000000        0x8 IRSensorController.o
 .group         0x00000000        0x8 IRSensorController.o
 .group         0x00000000        0x8 IRSensorController.o
 .text          0x00000000        0x0 IRSensorController.o
 .data          0x00000000        0x0 IRSensorController.o
 .bss           0x00000000        0x0 IRSensorController.o
 .text._ZN5hwlib20_pin_out_dummy_class3setEb
                0x00000000        0x2 IRSensorController.o
 .text._ZN5hwlib23_pin_in_out_dummy_class3setEb
                0x00000000        0x2 IRSensorController.o
 .text._ZN5hwlib23_pin_in_out_dummy_class3getEv
                0x00000000        0x4 IRSensorController.o
 .text._ZN5hwlib23_pin_in_out_dummy_class19direction_set_inputEv
                0x00000000        0x2 IRSensorController.o
 .text._ZN5hwlib23_pin_in_out_dummy_class20direction_set_outputEv
                0x00000000        0x2 IRSensorController.o
 .text._ZN5hwlib19cin_using_uart_getc4getcEv
                0x00000000        0x4 IRSensorController.o
 .text._ZN5hwlib19cin_using_uart_getc14char_availableEv
                0x00000000        0x4 IRSensorController.o
 .text._ZN5hwlib4line4drawERNS_6windowE
                0x00000000       0xa4 IRSensorController.o
 .text._ZN5hwlib6circle4drawERNS_6windowE
                0x00000000      0x2ec IRSensorController.o
 .text._ZN5hwlib5blinkERNS_7pin_outEi
                0x00000000       0x28 IRSensorController.o
 .text._ZN5hwlib4kittERNS_11port_in_outEi
                0x00000000       0x54 IRSensorController.o
 .text._ZN5hwlib4kittERNS_8port_outEi
                0x00000000       0x4e IRSensorController.o
 .text._ZN5hwlib4kittERNS_7port_ocEi
                0x00000000       0x4e IRSensorController.o
 .text._ZN5hwlib4randEv
                0x00000000       0x20 IRSensorController.o
 .text._ZN5hwlib15random_in_rangeEjj
                0x00000000       0x1a IRSensorController.o
 .text._ZN5hwlib21graphics_random_linesERNS_6windowE
                0x00000000       0xe8 IRSensorController.o
 .text._ZN5hwlib23graphics_random_circlesERNS_6windowE
                0x00000000       0x8c IRSensorController.o
 .text._ZN3due11ad_pin_infoENS_7ad_pinsE
                0x00000000       0x1c IRSensorController.o
 .text._ZN3due11ad_seq_infoEi
                0x00000000       0x20 IRSensorController.o
 .text._ZN5hwlib24uart_getc_bit_banged_pinERNS_6pin_inE
                0x00000000       0xaa IRSensorController.o
[...]
Memory Configuration

Name             Origin             Length             Attributes
rom              0x00000000         0x00080000         xr
ram              0x20000000         0x00018000         xrw
nul              0x20000000         0x00000000         xrw
*default*        0x00000000         0xffffffff

Linker script and memory map

LOAD c:/program files (x86)/gnu tools arm embedded/5.3 2016q1/bin/../lib/gcc/arm-none-eabi/5.3.1/armv7-m\libgcc.a
LOAD IRSensorController.o
LOAD IRSensor.o
LOAD IRLed.o
LOAD IRLedController.o
LOAD GameTimeControl.o
LOAD OLEDControl.o
LOAD GameData.o
LOAD GameControl.o
LOAD DebugState.o
LOAD KeypadControl.o
LOAD hwlib.o
LOAD coroutine.o
LOAD switch_to.o
LOAD rtos.o
LOAD main.o
LOAD bmptk_cortex.o
LOAD bmptk_heap_bmptk.o
LOAD bmptk_fixed_size_stack.o
LOAD c:/program files (x86)/gnu tools arm embedded/5.3 2016q1/bin/../lib/gcc/arm-none-eabi/5.3.1/../../../../arm-none-eabi/lib/armv7-m\libstdc++.a
LOAD c:/program files (x86)/gnu tools arm embedded/5.3 2016q1/bin/../lib/gcc/arm-none-eabi/5.3.1/../../../../arm-none-eabi/lib/armv7-m\libm.a
START GROUP
LOAD c:/program files (x86)/gnu tools arm embedded/5.3 2016q1/bin/../lib/gcc/arm-none-eabi/5.3.1/armv7-m\libgcc.a
LOAD c:/program files (x86)/gnu tools arm embedded/5.3 2016q1/bin/../lib/gcc/arm-none-eabi/5.3.1/../../../../arm-none-eabi/lib/armv7-m\libc.a
END GROUP
                0x00000000                __rom_start = ORIGIN (rom)
                0x00080000                __rom_size = LENGTH (rom)
                0x00080000                __rom_end = (__rom_start + __rom_size)
                0x20000000                __ram_start = ORIGIN (ram)
                0x00018000                __ram_size = LENGTH (ram)
                0x20018000                __ram_end = (__ram_start + __ram_size)
                [!provide]                PROVIDE (__rom_start, __rom_start)
                [!provide]                PROVIDE (__rom_size, __rom_size)
                [!provide]                PROVIDE (__rom_end, __rom_end)
                [!provide]                PROVIDE (__ram_start, __ram_start)
                [!provide]                PROVIDE (__ram_size, __ram_size)
                [!provide]                PROVIDE (__ram_end, __ram_end)

.text           0x00000000     0x43c8
                0x00000000                . = ALIGN (0x4)
                0x00000000                __text_start = .
                [!provide]                PROVIDE (__text_start, __text_start)
                0x00000000                . = ALIGN (0x4)
 *(.vectors)
 .vectors       0x00000000       0xb0 bmptk_cortex.o
                0x00000000                __vectors
                0x000000b0                . = ALIGN (0x4)
 *(.text .text.* .gnu.linkonce.t.*)
 .text._ZN5hwlib19_pin_in_dummy_class3getEv
                0x000000b0        0x4 IRSensorController.o
                0x000000b0                hwlib::_pin_in_dummy_class::get()
 .text._ZN5hwlib19_pin_oc_dummy_class3setEb
                0x000000b4        0x2 IRSensorController.o
                0x000000b4                hwlib::_pin_oc_dummy_class::set(bool)
 .text._ZN5hwlib19_pin_oc_dummy_class3getEv
                0x000000b6        0x4 IRSensorController.o
                0x000000b6                hwlib::_pin_oc_dummy_class::get()
 .text._ZN5hwlib7ostream5flushEv
                0x000000ba        0x2 IRSensorController.o
                0x000000ba                hwlib::ostream::flush()
 .text._ZN5hwlib20cout_using_uart_putc4putcEc
                0x000000bc        0x6 IRSensorController.o
                0x000000bc                hwlib::cout_using_uart_putc::putc(char)
 .text._ZN4rtos7channelIiLi16EE5clearEv
                0x000000c2       0x12 IRSensorController.o
                0x000000c2                rtos::channel<int, 16>::clear()
 .text._ZN5hwlib7ostream6fillerEi
                0x000000d4       0x1a IRSensorController.o
                0x000000d4                hwlib::ostream::filler(int)
 .text._ZN5hwliblsERNS_7ostreamEPKc
                0x000000ee       0x54 IRSensorController.o
                0x000000ee                hwlib::operator<<(hwlib::ostream&, char const*)
 .text._ZN5hwlib6window5writeENS_8locationENS_5colorE
                0x00000142       0x3e IRSensorController.o
                0x00000142                hwlib::window::write(hwlib::location, hwlib::color)
 .text._ZN6sam3xa10SystemInitEv
                0x00000180       0x88 IRSensorController.o
                0x00000180                sam3xa::SystemInit()
 .text._ZN3due8pin_infoENS_4pinsE
                0x00000208       0x20 IRSensorController.o
                0x00000208                due::pin_info(due::pins)
 .text._ZN3due14port_registersEi
                0x00000228       0x48 IRSensorController.o
                0x00000228                due::port_registers(int)
 .text._ZN3due9now_ticksEv
                0x00000270       0x70 IRSensorController.o
                0x00000270                due::now_ticks()
 .text._ZN3due6now_usEv
                0x000002e0       0x10 IRSensorController.o
                0x000002e0                due::now_us()
 .text._ZN5hwlib9now_ticksEv
                0x000002f0        0x8 IRSensorController.o
                0x000002f0                hwlib::now_ticks()
 .text._ZN5hwlib24uart_putc_bit_banged_pinEcRNS_7pin_outE
                0x000002f8       0xc8 IRSensorController.o
                0x000002f8                hwlib::uart_putc_bit_banged_pin(char, hwlib::pin_out&)
 .text._ZN5hwlib6now_usEv
                0x000003c0        0x8 IRSensorController.o
                0x000003c0                hwlib::now_us()
 .text._ZN18IRSensorControllerC2ER8IRSensor
                0x000003c8       0xa0 IRSensorController.o
                0x000003c8                IRSensorController::IRSensorController(IRSensor&)
                0x000003c8                IRSensorController::IRSensorController(IRSensor&)
 .text._ZN18IRSensorController12count_signalEv
                0x00000468       0x4a IRSensorController.o
                0x00000468                IRSensorController::count_signal()
 .text._ZN4rtos7channelIiLi16EE5writeEi
                0x000004b2       0x3c IRSensorController.o
                0x000004b2                rtos::channel<int, 16>::write(int)
 *fill*         0x000004ee        0x2 
 .text._ZN18IRSensorController11storeSignalEv
                0x000004f0       0x98 IRSensorController.o
                0x000004f0                IRSensorController::storeSignal()
 .text.startup._ZN18IRSensorController4mainEv
                0x00000588       0x48 IRSensorController.o
                0x00000588                IRSensorController::main()
 .text._ZN8IRSensorC2ERN3due6pin_inE
                0x000005d0        0x8 IRSensor.o
                0x000005d0                IRSensor::IRSensor(due::pin_in&)
                0x000005d0                IRSensor::IRSensor(due::pin_in&)
 .text._ZN8IRSensor3getEv
                0x000005d8        0x8 IRSensor.o
                0x000005d8                IRSensor::get()
 .text._ZN3due8d2_36kHz3setEb
                0x000005e0       0x18 IRLed.o
                0x000005e0                due::d2_36kHz::set(bool)
 .text._ZN5IRLedC2ERN3due8d2_36kHzE
                0x000005f8        0xc IRLed.o
                0x000005f8                IRLed::IRLed(due::d2_36kHz&)
                0x000005f8                IRLed::IRLed(due::d2_36kHz&)
 .text._ZN5IRLed2onEv
                0x00000604       0x10 IRLed.o
                0x00000604                IRLed::on()
 .text._ZN5IRLed3offEv
                0x00000614       0x10 IRLed.o
                0x00000614                IRLed::off()
 .text._ZN4rtos7channelIiLi10EE5clearEv
                0x00000624       0x12 IRLedController.o
                0x00000624                rtos::channel<int, 10>::clear()
 *fill*         0x00000636        0x2 
 .text._ZN15IRLedControllerC2ER5IRLed
                0x00000638       0x90 IRLedController.o
                0x00000638                IRLedController::IRLedController(IRLed&)
                0x00000638                IRLedController::IRLedController(IRLed&)
 .text._ZN15IRLedController7sendBitEb
                0x000006c8       0x80 IRLedController.o
                0x000006c8                IRLedController::sendBit(bool)
 .text._ZN15IRLedController12writeCommandEi
                0x00000748       0x40 IRLedController.o
                0x00000748                IRLedController::writeCommand(int)
 .text._ZN15IRLedController11sendCommandEi
                0x00000788       0x26 IRLedController.o
                0x00000788                IRLedController::sendCommand(int)
 *fill*         0x000007ae        0x2 
 .text.startup._ZN15IRLedController4mainEv
                0x000007b0       0xb4 IRLedController.o
                0x000007b0                IRLedController::main()
 .text._ZN4rtos8callback6cancelEv
                0x00000864        0xa GameTimeControl.o
                0x00000864                rtos::callback::cancel()
 *fill*         0x0000086e        0x2 
 .text.startup._ZN15GameTimeControl4mainEv
                0x00000870       0x8c GameTimeControl.o
                0x00000870                GameTimeControl::main()
 .text._ZN15GameTimeControlC2ER8GameDataR11GameControl
                0x000008fc       0x68 GameTimeControl.o
                0x000008fc                GameTimeControl::GameTimeControl(GameData&, GameControl&)
                0x000008fc                GameTimeControl::GameTimeControl(GameData&, GameControl&)
 .text._ZN5hwlib7console7goto_xyEii
                0x00000964        0xa OLEDControl.o
                0x00000964                hwlib::console::goto_xy(int, int)
 .text._ZN5hwlib14window_ostream22goto_xy_implementationEii
                0x0000096e       0x20 OLEDControl.o
                0x0000096e                hwlib::window_ostream::goto_xy_implementation(int, int)
 .text._ZN5hwlib14window_ostream5clearEv
                0x0000098e       0x1c OLEDControl.o
                0x0000098e                hwlib::window_ostream::clear()
 *fill*         0x000009aa        0x2 
 .text._ZNK5hwlib16font_default_8x8ixEc
                0x000009ac       0x14 OLEDControl.o
                0x000009ac                hwlib::font_default_8x8::operator[](char) const
 .text._ZN5hwlib7console4putcEc
                0x000009c0       0xba OLEDControl.o
                0x000009c0                hwlib::console::putc(char)
 .text._ZN5hwliblsERNS_7ostreamEi
                0x00000a7a       0xd4 OLEDControl.o
                0x00000a7a                hwlib::operator<<(hwlib::ostream&, int)
 .text._ZN5hwlib6window5clearEv
                0x00000b4e       0x32 OLEDControl.o
                0x00000b4e                hwlib::window::clear()
 .text._ZN5hwlib11window_part20write_implementationENS_8locationENS_5colorE
                0x00000b80       0x2e OLEDControl.o
                0x00000b80                hwlib::window_part::write_implementation(hwlib::location, hwlib::color)
 .text._ZN5hwlib14window_ostream19putc_implementationEc
                0x00000bae       0x80 OLEDControl.o
                0x00000bae                hwlib::window_ostream::putc_implementation(char)
 *fill*         0x00000c2e        0x2 
 .text._ZN5hwlib14window_ostreamC2ERNS_6windowERKNS_4fontE
                0x00000c30       0x60 OLEDControl.o
                0x00000c30                hwlib::window_ostream::window_ostream(hwlib::window&, hwlib::font const&)
                0x00000c30                hwlib::window_ostream::window_ostream(hwlib::window&, hwlib::font const&)
 .text._ZN5hwlib18glcd_oled_buffered7commandEhhh
                0x00000c90       0x30 OLEDControl.o
                0x00000c90                hwlib::glcd_oled_buffered::command(unsigned char, unsigned char, unsigned char)
 .text._ZN5hwlib18glcd_oled_buffered5flushEv
                0x00000cc0       0x58 OLEDControl.o
                0x00000cc0                hwlib::glcd_oled_buffered::flush()
 .text._ZN11OLEDControlC2ERN5hwlib18glcd_oled_bufferedER8GameData
                0x00000d18        0x6 OLEDControl.o
                0x00000d18                OLEDControl::OLEDControl(hwlib::glcd_oled_buffered&, GameData&)
                0x00000d18                OLEDControl::OLEDControl(hwlib::glcd_oled_buffered&, GameData&)
 *fill*         0x00000d1e        0x2 
 .text._ZN11OLEDControl12updateScreenEv
                0x00000d20      0x1bc OLEDControl.o
                0x00000d20                OLEDControl::updateScreen()
 .text._ZN11OLEDControl11dataChangedEv
                0x00000edc        0x4 OLEDControl.o
                0x00000edc                OLEDControl::dataChanged()
 .text._ZN8GameData7getDataEi
                0x00000ee0       0x20 GameData.o
                0x00000ee0                GameData::getData(int)
 .text._ZN8GameData10updateTimeEv
                0x00000f00        0x8 GameData.o
                0x00000f00                GameData::updateTime()
 .text._ZN11GameControl12updateScreenEv
                0x00000f08        0xa GameControl.o
                0x00000f08                GameControl::updateScreen()
 .text._ZThn4228_N11GameControl12updateScreenEv
                0x00000f12        0xc GameControl.o
                0x00000f12                non-virtual thunk to GameControl::updateScreen()
 .text.startup._ZN11GameControl4mainEv
                0x00000f1e       0x68 GameControl.o
                0x00000f1e                GameControl::main()
 .text._ZN5hwlib7ostreamlsEc
                0x00000f86        0xe GameControl.o
                0x00000f86                hwlib::ostream::operator<<(char)
 .text._ZN4rtos7channelI7COMMANDLi50EE4readEv.part.7
                0x00000f94       0x28 GameControl.o
 .text._ZN4rtos8waitable5clearEv
                0x00000fbc        0xa GameControl.o
                0x00000fbc                rtos::waitable::clear()
 .text._ZN4rtos7channelIcLi1EE5clearEv
                0x00000fc6       0x10 GameControl.o
                0x00000fc6                rtos::channel<char, 1>::clear()
 .text._ZN4rtos7channelI7COMMANDLi50EE5clearEv
                0x00000fd6       0x10 GameControl.o
                0x00000fd6                rtos::channel<COMMAND, 50>::clear()
 .text._ZN4rtos8waitable3setEv
                0x00000fe6        0xa GameControl.o
                0x00000fe6                rtos::waitable::set()
 .text._ZN11GameControl7readKeyEv
                0x00000ff0       0x52 GameControl.o
                0x00000ff0                GameControl::readKey()
 .text._ZThn4228_N11GameControl7readKeyEv
                0x00001042        0xc GameControl.o
                0x00001042                non-virtual thunk to GameControl::readKey()
 .text._ZN11GameControl11readCommandEv
                0x0000104e       0x50 GameControl.o
                0x0000104e                GameControl::readCommand()
 .text._ZThn4228_N11GameControl11readCommandEv
                0x0000109e        0xc GameControl.o
                0x0000109e                non-virtual thunk to GameControl::readCommand()
 *fill*         0x000010aa        0x2 
 .text._Z4testRN4rtos5eventEPKc
                0x000010ac       0x38 GameControl.o
                0x000010ac                test(rtos::event&, char const*)
 .text._ZN11GameControl11sendCommandE7COMMAND
                0x000010e4       0x34 GameControl.o
                0x000010e4                GameControl::sendCommand(COMMAND)
 .text._ZThn4228_N11GameControl11sendCommandE7COMMAND
                0x00001118        0xc GameControl.o
                0x00001118                non-virtual thunk to GameControl::sendCommand(COMMAND)
 .text._ZN11GameControlC2ER11OLEDControlR15IRLedControllerR18IRSensorController
                0x00001124       0xe0 GameControl.o
                0x00001124                GameControl::GameControl(OLEDControl&, IRLedController&, IRSensorController&)
                0x00001124                GameControl::GameControl(OLEDControl&, IRLedController&, IRSensorController&)
 .text._ZN11GameControl10keyPressedEc
                0x00001204       0x5c GameControl.o
                0x00001204                GameControl::keyPressed(char)
 .text._ZN11GameControl15commandReceivedEv
                0x00001260       0x14 GameControl.o
                0x00001260                GameControl::commandReceived()
 .text._ZN11GameControl10setCommandE7COMMAND
                0x00001274       0x60 GameControl.o
                0x00001274                GameControl::setCommand(COMMAND)
 .text._ZThn4228_N11GameControl10setCommandE7COMMAND
                0x000012d4        0xc GameControl.o
                0x000012d4                non-virtual thunk to GameControl::setCommand(COMMAND)
 .text._ZN11GameControl11dataChangedEv
                0x000012e0        0xa GameControl.o
                0x000012e0                GameControl::dataChanged()
 .text._ZN10DebugState11dataChangedEP20GameControlInterface
                0x000012ea        0x8 DebugState.o
                0x000012ea                DebugState::dataChanged(GameControlInterface*)
 *fill*         0x000012f2        0x2 
 .text._ZN10DebugState15commandReceivedEP20GameControlInterface
                0x000012f4       0x2c DebugState.o
                0x000012f4                DebugState::commandReceived(GameControlInterface*)
 .text._ZN10DebugState10keyPressedEP20GameControlInterface
                0x00001320       0x24 DebugState.o
                0x00001320                DebugState::keyPressed(GameControlInterface*)
 .text._ZN10DebugStateC2Ev
                0x00001344        0xc DebugState.o
                0x00001344                DebugState::DebugState()
                0x00001344                DebugState::DebugState()
 .text.startup._ZN13KeypadControl4mainEv
                0x00001350       0x54 KeypadControl.o
                0x00001350                KeypadControl::main()
 .text._ZN13KeypadControlC2ERN5hwlib6keypadILi16EEER11GameControl
                0x000013a4       0x7c KeypadControl.o
                0x000013a4                KeypadControl::KeypadControl(hwlib::keypad<16>&, GameControl&)
                0x000013a4                KeypadControl::KeypadControl(hwlib::keypad<16>&, GameControl&)
 .text._ZNK5hwlib9image_8x818get_implementationENS_8locationE
                0x00001420       0x4c hwlib.o
                0x00001420                hwlib::image_8x8::get_implementation(hwlib::location) const
 .text._ZN3due6pin_in3getEv
                0x0000146c       0x10 hwlib.o
                0x0000146c                due::pin_in::get()
 .text._ZN3due7pin_out3setEb
                0x0000147c        0xe hwlib.o
                0x0000147c                due::pin_out::set(bool)
 *fill*         0x0000148a        0x2 
 .text._ZN5hwlib9uart_putcEc
                0x0000148c       0x3c hwlib.o
                0x0000148c                hwlib::uart_putc(char)
 .text          0x000014c8       0x24 switch_to.o
                0x000014c8                switch_from_to
 .text._ZN5hwlib7ostream7reverse10add_prefixERKS0_.part.1.constprop.23
                0x000014ec       0x4c rtos.o
 .text._ZN5hwliblsERNS_7ostreamEx
                0x00001538       0xbc rtos.o
                0x00001538                hwlib::operator<<(hwlib::ostream&, long long)
 .text._ZN5hwliblsERNS_7ostreamEj
                0x000015f4        0xc rtos.o
                0x000015f4                hwlib::operator<<(hwlib::ostream&, unsigned int)
 .text._Z6strlenPKc
                0x00001600       0x10 rtos.o
                0x00001600                strlen(char const*)
 .text._Z6strcpyPcPKc
                0x00001610       0x14 rtos.o
                0x00001610                strcpy(char*, char const*)
 .text._Z15string_allocatePKc
                0x00001624       0x26 rtos.o
                0x00001624                string_allocate(char const*)
 .text._Z12nr_from_maskj
                0x0000164a       0x1c rtos.o
                0x0000164a                nr_from_mask(unsigned int)
 *fill*         0x00001666        0x2 
 .text._Z15task_trampolinev
                0x00001668       0x34 rtos.o
                0x00001668                task_trampoline()
 .text._ZN4rtos9task_base7releaseEv
                0x0000169c       0x24 rtos.o
                0x0000169c                rtos::task_base::release()
 .text._ZN4rtos9task_base7suspendEv
                0x000016c0        0x8 rtos.o
                0x000016c0                rtos::task_base::suspend()
 .text._ZN4rtos9task_base6resumeEv
                0x000016c8        0x8 rtos.o
                0x000016c8                rtos::task_base::resume()
 .text._ZN4rtos9task_base7unblockEv
                0x000016d0       0x14 rtos.o
                0x000016d0                rtos::task_base::unblock()
 .text._ZN4rtos9task_base5blockEv
                0x000016e4       0x70 rtos.o
                0x000016e4                rtos::task_base::block()
 .text._ZNK4rtos9task_base5printERN5hwlib7ostreamEb
                0x00001754      0x160 rtos.o
                0x00001754                rtos::task_base::print(hwlib::ostream&, bool) const
 .text._ZNK4rtos5eventeqERKS0_
                0x000018b4       0x3c rtos.o
                0x000018b4                rtos::event::operator==(rtos::event const&) const
 .text._ZNK4rtos5eventeqERKNS_8waitableE
                0x000018f0       0x1a rtos.o
                0x000018f0                rtos::event::operator==(rtos::waitable const&) const
 *fill*         0x0000190a        0x2 
 .text._ZNK4rtos5eventplERKS0_
                0x0000190c       0x3c rtos.o
                0x0000190c                rtos::event::operator+(rtos::event const&) const
 .text._ZNK4rtos5event5printERN5hwlib7ostreamE
                0x00001948       0x30 rtos.o
                0x00001948                rtos::event::print(hwlib::ostream&) const
 .text._ZNK4rtos4flag5printERN5hwlib7ostreamEb
                0x00001978       0xcc rtos.o
                0x00001978                rtos::flag::print(hwlib::ostream&, bool) const
 .text._ZN4rtos5timer3setEm
                0x00001a44        0xe rtos.o
                0x00001a44                rtos::timer::set(unsigned long)
 *fill*         0x00001a52        0x2 
 .text._ZNK4rtos5timer5printERN5hwlib7ostreamEb
                0x00001a54       0xd0 rtos.o
                0x00001a54                rtos::timer::print(hwlib::ostream&, bool) const
 .text._ZNK4rtos5clock5printERN5hwlib7ostreamEb
                0x00001b24       0xd8 rtos.o
                0x00001b24                rtos::clock::print(hwlib::ostream&, bool) const
 .text._ZN4rtos12waitable_set17waitable_allocateEv
                0x00001bfc       0x38 rtos.o
                0x00001bfc                rtos::waitable_set::waitable_allocate()
 .text._ZN4rtos8waitableC2EPNS_9task_baseEPKc
                0x00001c34       0x2c rtos.o
                0x00001c34                rtos::waitable::waitable(rtos::task_base*, char const*)
                0x00001c34                rtos::waitable::waitable(rtos::task_base*, char const*)
 .text._ZN4rtos12waitable_set3setERKNS_8waitableE
                0x00001c60       0x14 rtos.o
                0x00001c60                rtos::waitable_set::set(rtos::waitable const&)
 .text._ZN4rtos5clock7time_upEv
                0x00001c74       0x2e rtos.o
                0x00001c74                rtos::clock::time_up()
 .text._ZThn16_N4rtos5clock7time_upEv
                0x00001ca2        0x8 rtos.o
                0x00001ca2                non-virtual thunk to rtos::clock::time_up()
 .text._ZN4rtos5timer7time_upEv
                0x00001caa       0x10 rtos.o
                0x00001caa                rtos::timer::time_up()
                0x00001cb4                non-virtual thunk to rtos::timer::time_up()
 .text._ZN4rtos4flag3setEv
                0x00001cba       0x10 rtos.o
                0x00001cba                rtos::flag::set()
 .text._ZN4rtos12waitable_set5clearERKNS_8waitableE
                0x00001cca        0xc rtos.o
                0x00001cca                rtos::waitable_set::clear(rtos::waitable const&)
 .text._ZN4rtos5timer6cancelEv
                0x00001cd6       0x16 rtos.o
                0x00001cd6                rtos::timer::cancel()
 .text._ZThn16_N4rtos5timer6cancelEv
                0x00001cec        0x8 rtos.o
                0x00001cec                non-virtual thunk to rtos::timer::cancel()
 .text._ZN4rtos5clock5clearEv
                0x00001cf4        0x8 rtos.o
                0x00001cf4                rtos::clock::clear()
 .text._ZN4rtos12waitable_set4waitEj
                0x00001cfc       0x64 rtos.o
                0x00001cfc                rtos::waitable_set::wait(unsigned int)
 .text._ZN4rtos9task_base5sleepEm
                0x00001d60       0x20 rtos.o
                0x00001d60                rtos::task_base::sleep(unsigned long)
 .text._ZNK4rtos5mutex5printERN5hwlib7ostreamEb
                0x00001d80       0xec rtos.o
                0x00001d80                rtos::mutex::print(hwlib::ostream&, bool) const
 .text._ZNK4rtos12channel_base5printERN5hwlib7ostreamEb
                0x00001e6c       0xe0 rtos.o
                0x00001e6c                rtos::channel_base::print(hwlib::ostream&, bool) const
 .text._ZNK4rtos9pool_base5printERN5hwlib7ostreamEb
                0x00001f4c       0x78 rtos.o
                0x00001f4c                rtos::pool_base::print(hwlib::ostream&, bool) const
 .text._ZNK4rtos12mailbox_base5printERN5hwlib7ostreamEb
                0x00001fc4       0xc4 rtos.o
                0x00001fc4                rtos::mailbox_base::print(hwlib::ostream&, bool) const
 .text._ZN4rtos3addEPNS_4flagE
                0x00002088       0x10 rtos.o
                0x00002088                rtos::add(rtos::flag*)
 .text._ZN4rtos4flagC2EPNS_9task_baseEPKc
                0x00002098       0x20 rtos.o
                0x00002098                rtos::flag::flag(rtos::task_base*, char const*)
                0x00002098                rtos::flag::flag(rtos::task_base*, char const*)
 .text._ZN4rtos3addEPNS_5timerE
                0x000020b8       0x10 rtos.o
                0x000020b8                rtos::add(rtos::timer*)
 .text._ZN4rtos3addEPNS_5clockE
                0x000020c8       0x10 rtos.o
                0x000020c8                rtos::add(rtos::clock*)
 .text._ZN4rtos3addEPNS_12channel_baseE
                0x000020d8       0x10 rtos.o
                0x000020d8                rtos::add(rtos::channel_base*)
 .text._ZN4rtos12channel_baseC2EPNS_9task_baseEPKc
                0x000020e8       0x30 rtos.o
                0x000020e8                rtos::channel_base::channel_base(rtos::task_base*, char const*)
                0x000020e8                rtos::channel_base::channel_base(rtos::task_base*, char const*)
 .text._ZN4rtos5printERN5hwlib7ostreamE
                0x00002118      0x1b4 rtos.o
                0x00002118                rtos::print(hwlib::ostream&)
 .text._ZN4rtos4beatEv
                0x000022cc      0x14c rtos.o
                0x000022cc                rtos::beat()
 .text._ZN4rtos8run_timeEv
                0x00002418        0x8 rtos.o
                0x00002418                rtos::run_time()
 .text._ZN4rtos3runEv
                0x00002420       0x40 rtos.o
                0x00002420                rtos::run()
 .text._ZN4rtos3addEPNS_8callbackE
                0x00002460       0x10 rtos.o
                0x00002460                rtos::add(rtos::callback*)
 .text._ZN4rtos8callbackC2EPKc
                0x00002470       0x2c rtos.o
                0x00002470                rtos::callback::callback(char const*)
                0x00002470                rtos::callback::callback(char const*)
 .text._ZN4rtos5timerC2EPNS_9task_baseEPKc
                0x0000249c       0x34 rtos.o
                0x0000249c                rtos::timer::timer(rtos::task_base*, char const*)
                0x0000249c                rtos::timer::timer(rtos::task_base*, char const*)
 .text._ZN4rtos5clockC2EPNS_9task_baseEmPKc
                0x000024d0       0x3c rtos.o
                0x000024d0                rtos::clock::clock(rtos::task_base*, unsigned long, char const*)
                0x000024d0                rtos::clock::clock(rtos::task_base*, unsigned long, char const*)
 .text._ZN4rtos3addEPNS_9task_baseE
                0x0000250c       0x7c rtos.o
                0x0000250c                rtos::add(rtos::task_base*)
 .text._ZN4rtos9task_baseC2ER9coroutineILi0EEjPKc
                0x00002588       0x4c rtos.o
                0x00002588                rtos::task_base::task_base(coroutine<0>&, unsigned int, char const*)
                0x00002588                rtos::task_base::task_base(coroutine<0>&, unsigned int, char const*)
 .text._ZN5hwlib7wait_usEi
                0x000025d4       0x40 rtos.o
                0x000025d4                hwlib::wait_us(int)
 .text._ZN5hwlib7wait_msEi
                0x00002614       0x16 rtos.o
                0x00002614                hwlib::wait_ms(int)
 .text._ZN5hwlib17port_in_from_pins14number_of_pinsEv
                0x0000262a        0x4 main.o
                0x0000262a                hwlib::port_in_from_pins::number_of_pins()
 .text._ZN5hwlib17port_in_from_pins3getEv
                0x0000262e       0x2e main.o
                0x0000262e                hwlib::port_in_from_pins::get()
 .text._ZN5hwlib17port_oc_from_pins14number_of_pinsEv
                0x0000265c        0x4 main.o
                0x0000265c                hwlib::port_oc_from_pins::number_of_pins()
 .text._ZN5hwlib17port_oc_from_pins3getEv
                0x00002660       0x2e main.o
                0x00002660                hwlib::port_oc_from_pins::get()
 .text._ZN5hwlib17port_oc_from_pins3setEj
                0x0000268e       0x26 main.o
                0x0000268e                hwlib::port_oc_from_pins::set(unsigned int)
 .text._ZN5hwlib18glcd_oled_buffered5clearEv
                0x000026b4       0x1e main.o
                0x000026b4                hwlib::glcd_oled_buffered::clear()
 .text._ZN3due6pin_oc3getEv
                0x000026d2       0x10 main.o
                0x000026d2                due::pin_oc::get()
 .text._ZN3due6pin_oc3setEb
                0x000026e2       0x10 main.o
                0x000026e2                due::pin_oc::set(bool)
 .text._ZN5hwlib6keypadILi16EE4getcEv
                0x000026f2       0x24 main.o
                0x000026f2                hwlib::keypad<16>::getc()
 .text._ZN5hwlib33spi_bus_bit_banged_sclk_mosi_miso16wait_half_periodEv.isra.3
                0x00002716        0x6 main.o
 .text._ZNK5hwlib5coloreqES0_
                0x0000271c       0x36 main.o
                0x0000271c                hwlib::color::operator==(hwlib::color) const
 *fill*         0x00002752        0x2 
 .text._ZN5hwlib18glcd_oled_buffered20write_implementationENS_8locationENS_5colorE
                0x00002754       0x78 main.o
                0x00002754                hwlib::glcd_oled_buffered::write_implementation(hwlib::location, hwlib::color)
 .text._ZN5hwlib26i2c_bus_bit_banged_scl_sda9write_bitEb
                0x000027cc       0x30 main.o
                0x000027cc                hwlib::i2c_bus_bit_banged_scl_sda::write_bit(bool)
 .text._ZN5hwlib26i2c_bus_bit_banged_scl_sda8read_bitEv
                0x000027fc       0x3c main.o
                0x000027fc                hwlib::i2c_bus_bit_banged_scl_sda::read_bit()
 .text._ZN5hwlib26i2c_bus_bit_banged_scl_sda11write_startEv
                0x00002838       0x24 main.o
                0x00002838                hwlib::i2c_bus_bit_banged_scl_sda::write_start()
 .text._ZN5hwlib26i2c_bus_bit_banged_scl_sda10write_stopEv
                0x0000285c       0x40 main.o
                0x0000285c                hwlib::i2c_bus_bit_banged_scl_sda::write_stop()
 .text._ZN5hwlib26i2c_bus_bit_banged_scl_sda10write_byteEj
                0x0000289c       0x1c main.o
                0x0000289c                hwlib::i2c_bus_bit_banged_scl_sda::write_byte(unsigned int)
 .text._ZN5hwlib26i2c_bus_bit_banged_scl_sda5writeEjPKhj
                0x000028b8       0x3a main.o
                0x000028b8                hwlib::i2c_bus_bit_banged_scl_sda::write(unsigned int, unsigned char const*, unsigned int)
 .text._ZN5hwlib26i2c_bus_bit_banged_scl_sda4readEjPhj
                0x000028f2       0x60 main.o
                0x000028f2                hwlib::i2c_bus_bit_banged_scl_sda::read(unsigned int, unsigned char*, unsigned int)
 *fill*         0x00002952        0x2 
 .text._ZN3due6pin_inC2ENS_4pinsE
                0x00002954       0x34 main.o
                0x00002954                due::pin_in::pin_in(due::pins)
                0x00002954                due::pin_in::pin_in(due::pins)
 .text._ZN3due6pin_ocC2ENS_4pinsE
                0x00002988       0x34 main.o
                0x00002988                due::pin_oc::pin_oc(due::pins)
                0x00002988                due::pin_oc::pin_oc(due::pins)
 .text._ZN5hwlib6keypadILi16EE14char_availableEv
                0x000029bc       0x98 main.o
                0x000029bc                hwlib::keypad<16>::char_available()
 .text._ZN4rtos8callbackD2Ev
                0x00002a54       0x30 main.o
                0x00002a54                rtos::callback::~callback()
                0x00002a54                rtos::callback::~callback()
 .text.startup.main
                0x00002a84      0x2d4 main.o
                0x00002a84                main
 .text.Int27_Handler
                0x00002d58        0x2 bmptk_cortex.o
                0x00002d58                Int27_Handler
 *fill*         0x00002d5a        0x2 
 .text.__startup
                0x00002d5c       0x48 bmptk_cortex.o
                0x00002d5c                __startup
 .text.SysTick_Handler
                0x00002da4        0x2 bmptk_cortex.o
                0x00002da4                SysTick_Handler
 .text.__cxa_pure_virtual
                0x00002da6        0x2 bmptk_cortex.o
                0x00002da6                __cxa_pure_virtual
 .text.malloc   0x00002da8       0x24 bmptk_heap_bmptk.o
                0x00002da8                malloc
 .text          0x00002dcc       0xa0 c:/program files (x86)/gnu tools arm embedded/5.3 2016q1/bin/../lib/gcc/arm-none-eabi/5.3.1/armv7-m\libgcc.a(_aeabi_ldivmod.o)
                0x00002dcc                __aeabi_ldivmod
 .text          0x00002e6c      0x2ec c:/program files (x86)/gnu tools arm embedded/5.3 2016q1/bin/../lib/gcc/arm-none-eabi/5.3.1/armv7-m\libgcc.a(_udivmoddi4.o)
                0x00002e6c                __udivmoddi4
 .text          0x00003158        0x4 c:/program files (x86)/gnu tools arm embedded/5.3 2016q1/bin/../lib/gcc/arm-none-eabi/5.3.1/armv7-m\libgcc.a(_dvmd_tls.o)
                0x00003158                __aeabi_ldiv0
                0x0000315c                . = ALIGN (0x4)
 *(.glue_7t .glue_7)
 .glue_7        0x0000315c        0x0 linker stubs
 .glue_7t       0x0000315c        0x0 linker stubs
                0x0000315c                . = ALIGN (0x4)
 *(.rodata .rodata.* .gnu.linkonce.r.*)
 .rodata._ZTVN5hwlib19_pin_in_dummy_classE
                0x0000315c        0xc IRSensorController.o
                0x0000315c                vtable for hwlib::_pin_in_dummy_class
 .rodata._ZTVN5hwlib19_pin_oc_dummy_classE
                0x00003168       0x10 IRSensorController.o
                0x00003168                vtable for hwlib::_pin_oc_dummy_class
 .rodata._ZTVN5hwlib20cout_using_uart_putcE
                0x00003178       0x10 IRSensorController.o
                0x00003178                vtable for hwlib::cout_using_uart_putc
 .rodata._ZTVN4rtos7channelIiLi16EEE
                0x00003188        0xc IRSensorController.o
                0x00003188                vtable for rtos::channel<int, 16>
 .rodata.str1.1
                0x00003194       0x9d IRSensorController.o
                                 0x9f (size before relaxing)
 *fill*         0x00003231        0x3 
 .rodata._ZTV18IRSensorController
                0x00003234       0x14 IRSensorController.o
                0x00003234                vtable for IRSensorController
 .rodata._ZZN3due8pin_infoENS_4pinsEE14pin_info_array
                0x00003248       0xa4 IRSensorController.o
 .rodata._ZTVN3due8d2_36kHzE
                0x000032ec        0xc IRLed.o
                0x000032ec                vtable for due::d2_36kHz
 .rodata._ZTVN4rtos7channelIiLi10EEE
                0x000032f8        0xc IRLedController.o
                0x000032f8                vtable for rtos::channel<int, 10>
 .rodata.str1.1
                0x00003304       0x38 IRLedController.o
                                 0x83 (size before relaxing)
 .rodata._ZTV15IRLedController
                0x0000333c       0x14 IRLedController.o
                0x0000333c                vtable for IRLedController
 .rodata._ZTVN4rtos8callbackE
                0x00003350       0x10 GameTimeControl.o
                0x00003350                vtable for rtos::callback
 .rodata._ZTV15GameTimeControl
                0x00003360       0x14 GameTimeControl.o
                0x00003360                vtable for GameTimeControl
 .rodata.str1.1
                0x00003374       0x56 GameTimeControl.o
                                 0x81 (size before relaxing)
 *fill*         0x000033ca        0x2 
 .rodata._ZTVN5hwlib14window_ostreamE
                0x000033cc       0x20 OLEDControl.o
                0x000033cc                vtable for hwlib::window_ostream
 .rodata._ZTVN5hwlib11window_partE
                0x000033ec       0x10 OLEDControl.o
                0x000033ec                vtable for hwlib::window_part
 .rodata._ZTVN5hwlib16font_default_8x8E
                0x000033fc        0xc OLEDControl.o
                0x000033fc                vtable for hwlib::font_default_8x8
 .rodata.str1.1
                0x00003408       0x4a OLEDControl.o
                                 0x63 (size before relaxing)
 *fill*         0x00003452        0x2 
 .rodata._ZTVN4rtos7channelIcLi1EEE
                0x00003454        0xc GameControl.o
                0x00003454                vtable for rtos::channel<char, 1>
 .rodata._ZTVN4rtos7channelI7COMMANDLi50EEE
                0x00003460        0xc GameControl.o
                0x00003460                vtable for rtos::channel<COMMAND, 50>
 .rodata._ZTV11GameControl
                0x0000346c       0x44 GameControl.o
                0x0000346c                vtable for GameControl
 .rodata.str1.1
                0x000034b0       0x2d GameControl.o
                                 0x88 (size before relaxing)
 .rodata.str1.1
                0x000034dd       0x1d DebugState.o
                                 0x34 (size before relaxing)
 *fill*         0x000034fa        0x2 
 .rodata._ZTV10DebugState
                0x000034fc       0x14 DebugState.o
                0x000034fc                vtable for DebugState
 .rodata._ZTV13KeypadControl
                0x00003510       0x14 KeypadControl.o
                0x00003510                vtable for KeypadControl
 .rodata.str1.1
                0x00003524       0x1a KeypadControl.o
                                 0x31 (size before relaxing)
 *fill*         0x0000353e        0x2 
 .rodata._ZTVN5hwlib9image_8x8E
                0x00003540        0xc hwlib.o
                0x00003540                vtable for hwlib::image_8x8
 .rodata._ZTVN3due6pin_inE
                0x0000354c        0xc hwlib.o
                0x0000354c                vtable for due::pin_in
 .rodata._ZTVN3due7pin_outE
                0x00003558        0xc hwlib.o
                0x00003558                vtable for due::pin_out
 .rodata._ZN5hwlibL5blackE
                0x00003564        0x4 hwlib.o
 .rodata._ZN5hwlibL5whiteE
                0x00003568        0x4 hwlib.o
 .rodata._ZN5hwlib16font_default_8x86imagesE
                0x0000356c      0xa00 hwlib.o
                0x0000356c                hwlib::font_default_8x8::images
 .rodata._ZTVN4rtos8waitableE
                0x00003f6c        0xc rtos.o
                0x00003f6c                vtable for rtos::waitable
 .rodata._ZTVN4rtos4flagE
                0x00003f78        0xc rtos.o
                0x00003f78                vtable for rtos::flag
 .rodata._ZTVN4rtos12channel_baseE
                0x00003f84        0xc rtos.o
                0x00003f84                vtable for rtos::channel_base
 .rodata._ZTVN4rtos5clockE
                0x00003f90       0x20 rtos.o
                0x00003f90                vtable for rtos::clock
 .rodata.str1.1
                0x00003fb0      0x30d rtos.o
                                0x338 (size before relaxing)
 *fill*         0x000042bd        0x3 
 .rodata._ZTVN4rtos5timerE
                0x000042c0       0x24 rtos.o
                0x000042c0                vtable for rtos::timer
 .rodata._ZTVN4rtos9task_baseE
                0x000042e4       0x14 rtos.o
                0x000042e4                vtable for rtos::task_base
 .rodata._ZTVN5hwlib17port_in_from_pinsE
                0x000042f8       0x10 main.o
                0x000042f8                vtable for hwlib::port_in_from_pins
 .rodata._ZTVN5hwlib17port_oc_from_pinsE
                0x00004308       0x14 main.o
                0x00004308                vtable for hwlib::port_oc_from_pins
 .rodata._ZTVN5hwlib26i2c_bus_bit_banged_scl_sdaE
                0x0000431c       0x10 main.o
                0x0000431c                vtable for hwlib::i2c_bus_bit_banged_scl_sda
 .rodata._ZTVN5hwlib18glcd_oled_bufferedE
                0x0000432c       0x10 main.o
                0x0000432c                vtable for hwlib::glcd_oled_buffered
 .rodata._ZTVN3due6pin_ocE
                0x0000433c       0x10 main.o
                0x0000433c                vtable for due::pin_oc
 .rodata._ZTVN5hwlib6keypadILi16EEE
                0x0000434c       0x10 main.o
                0x0000434c                vtable for hwlib::keypad<16>
 .rodata._ZZN5hwlib18glcd_oled_bufferedC4ERNS_7i2c_busEjE13init_sequence
                0x0000435c       0x29 main.o
                0x0000435c                hwlib::glcd_oled_buffered::glcd_oled_buffered(hwlib::i2c_bus&, unsigned int)::init_sequence
 .rodata.str1.1
                0x00004385       0x42 main.o
                                 0x8e (size before relaxing)
                0x000043c8                . = ALIGN (0x4)
 *fill*         0x000043c7        0x1 
 *(.ARM.extab* .gnu.linkonce.armextab.*)
                0x000043c8                . = ALIGN (0x4)
 *(.gcc_except_table)
                0x000043c8                . = ALIGN (0x4)
 *(.eh_frame_hdr)
                0x000043c8                . = ALIGN (0x4)
 *(.eh_frame)
                0x000043c8                . = ALIGN (0x4)
                0x000043c8                __text_end = .
                [!provide]                PROVIDE (__text_end, __text_end)

.vfp11_veneer   0x000043c8        0x0
 .vfp11_veneer  0x000043c8        0x0 linker stubs

.v4_bx          0x000043c8        0x0
 .v4_bx         0x000043c8        0x0 linker stubs

.iplt           0x000043c8        0x0
 .iplt          0x000043c8        0x0 IRSensorController.o

.IF_YOU_SEE_THIS_YOU_HAVE_ONE_OR_MORE_GLOBAL_OBJECT_CONSTRUCTORS
 *(.init)
 *(.preinit_array)
 *(SORT(.init_array.*))
 *(.init_array)
                0x000043c8                . = ALIGN (0x4)
                0x000043c8                __exidx_start = .
                [!provide]                PROVIDE (__exidx_start, __exidx_start)

.ARM.exidx      0x000043c8        0x8
 *(.ARM.exidx* .gnu.linkonce.armexidx.*)
 .ARM.exidx     0x000043c8        0x8 c:/program files (x86)/gnu tools arm embedded/5.3 2016q1/bin/../lib/gcc/arm-none-eabi/5.3.1/armv7-m\libgcc.a(_udivmoddi4.o)

.rel.dyn        0x000043d0        0x0
 .rel.iplt      0x000043d0        0x0 IRSensorController.o
                0x000043d0                . = ALIGN (0x4)
                0x000043d0                __exidx_end = .
                [!provide]                PROVIDE (__exidx_end, __exidx_end)

.bss            0x20000000    0x14058
                0x20000000                . = ALIGN (0x4)
                0x20000000                __bss_start = .
                [!provide]                PROVIDE (__bss_start, __bss_start)
                0x20000000                . = ALIGN (0x4)
                0x20000000                __stack_start = .
                [!provide]                PROVIDE (__stack_start, __stack_start)
                0x20000000                . = ALIGN (0x4)
 *(.bmptk_stack)
 .bmptk_stack   0x20000000    0x14000 bmptk_fixed_size_stack.o
                0x20000000                bmptk_stack
                0x20014000                . = ALIGN (0x8)
                0x20014000                __main_stack_end = .
                [!provide]                PROVIDE (__main_stack_end, __main_stack_end)
                0x20014000                . = ALIGN (0x4)
                0x20014000                __stack_end = .
                [!provide]                PROVIDE (__stack_end, __stack_end)
                0x20014000                . = ALIGN (0x4)
 *(.bss .bss.* .gnu.linkonce.b.*)
 .bss._ZZN3due9now_ticksEvE4high
                0x20014000        0x8 IRSensorController.o
 .bss._ZZN3due9now_ticksEvE8last_low
                0x20014008        0x4 IRSensorController.o
 .bss._ZZN3due9now_ticksEvE9init_done
                0x2001400c        0x1 IRSensorController.o
 *fill*         0x2001400d        0x3 
 .bss._ZGVZN5hwlib9uart_putcEcE3pin
                0x20014010        0x4 hwlib.o
 .bss._ZZN5hwlib9uart_putcEcE3pin
                0x20014014        0xc hwlib.o
 .bss._ZN17coroutine_context7main_spE
                0x20014020        0x4 coroutine.o
                0x20014020                coroutine_context::main_sp
 .bss._ZN4rtos17scheduler_runningE
                0x20014024        0x1 rtos.o
                0x20014024                rtos::scheduler_running
 .bss._ZN4rtos10must_clearE
                0x20014025        0x1 rtos.o
                0x20014025                rtos::must_clear
 *fill*         0x20014026        0x2 
 .bss._ZN4rtos6clocksE
                0x20014028        0x4 rtos.o
                0x20014028                rtos::clocks
 .bss._ZN4rtos17rtos_current_taskE
                0x2001402c        0x4 rtos.o
                0x2001402c                rtos::rtos_current_task
 .bss._ZN4rtos9timerListE
                0x20014030        0x4 rtos.o
                0x20014030                rtos::timerList
 .bss._ZN4rtos8taskListE
                0x20014034        0x4 rtos.o
                0x20014034                rtos::taskList
 .bss._ZN4rtos6timersE
                0x20014038        0x4 rtos.o
                0x20014038                rtos::timers
 .bss._ZN4rtos5flagsE
                0x2001403c        0x4 rtos.o
                0x2001403c                rtos::flags
 .bss.last_run_time
                0x20014040        0x8 rtos.o
                0x20014040                last_run_time
 .bss._ZN4rtos5poolsE
                0x20014048        0x4 rtos.o
                0x20014048                rtos::pools
 .bss._ZN4rtos7mutexesE
                0x2001404c        0x4 rtos.o
                0x2001404c                rtos::mutexes
 .bss._ZN4rtos9mailboxesE
                0x20014050        0x4 rtos.o
                0x20014050                rtos::mailboxes
 .bss._ZN4rtos8channelsE
                0x20014054        0x4 rtos.o
                0x20014054                rtos::channels
                0x20014058                . = ALIGN (0x4)
 *(COMMON)
                0x20014058                . = ALIGN (0x4)
                0x20014058                __bss_end = .
                [!provide]                PROVIDE (__bss_end, __bss_end)

.data           0x20014058       0x2c load address 0x000043d0
                0x20014058                . = ALIGN (0x4)
                0x000043d0                __data_init_start = LOADADDR (.data)
                [!provide]                PROVIDE (__data_init_start, __data_init_start)
                0x20014058                __data_start = .
                [!provide]                PROVIDE (__data_start, __data_start)
                0x20014058                . = ALIGN (0x4)
 *(.data .data.* .gnu.linkonce.d.*)
 .data._ZN5hwlib12pin_in_dummyE
                0x20014058        0x4 IRSensorController.o
                0x20014058                hwlib::pin_in_dummy
 .data._ZN5hwlib12pin_oc_dummyE
                0x2001405c        0x4 IRSensorController.o
                0x2001405c                hwlib::pin_oc_dummy
 .data._ZN6sam3xa15SystemCoreClockE
                0x20014060        0x4 IRSensorController.o
                0x20014060                sam3xa::SystemCoreClock
 .data._ZN5hwlib4coutE
                0x20014064       0x14 IRSensorController.o
                0x20014064                hwlib::cout
 .data._ZN17coroutine_context24current_coroutine_sp_ptrE
                0x20014078        0x4 coroutine.o
                0x20014078                coroutine_context::current_coroutine_sp_ptr
 .data._last_free
                0x2001407c        0x4 bmptk_heap_bmptk.o
                0x2001407c                _last_free
 .data._first_free
                0x20014080        0x4 bmptk_heap_bmptk.o
                0x20014080                _first_free
                0x20014084                . = ALIGN (0x4)
                0x20014084                __data_end = .
                [!provide]                PROVIDE (__data_end, __data_end)
                0x000043d0                __data_init_end = LOADADDR (.data)
                [!provide]                PROVIDE (__data_init_end, __data_init_end)
                0x0000002c                PROVIDE (__data_size, (__data_end - __data_start))
                0x0000002c                PROVIDE (__data_init_size, __data_size)
                [!provide]                PROVIDE (__data_init_end, (__data_init_start + __data_init_size))

.igot.plt       0x20014084        0x0 load address 0x000043fc
 .igot.plt      0x20014084        0x0 IRSensorController.o
                0x20014084                . = ALIGN (0x4)
                0x20014084                __heap_start = .
                [!provide]                PROVIDE (__heap_start, __heap_start)
                0x20014084                . = ALIGN (0x4)
                0x20018000                __heap_end = __ram_end
                [!provide]                PROVIDE (__heap_end, __heap_end)

.stab
 *(.stab)

.stabstr
 *(.stabstr)

.debug
 *(.debug)

.line
 *(.line)

.debug_srcinfo
 *(.debug_srcinfo)

.debug_sfnames
 *(.debug_sfnames)

.debug_aranges
 *(.debug_aranges)

.debug_pubnames
 *(.debug_pubnames)

.debug_info
 *(.debug_info .gnu.linkonce.wi.*)

.debug_abbrev
 *(.debug_abbrev)

.debug_line
 *(.debug_line)

.debug_frame    0x00000000       0x7c
 *(.debug_frame)
 .debug_frame   0x00000000       0x44 c:/program files (x86)/gnu tools arm embedded/5.3 2016q1/bin/../lib/gcc/arm-none-eabi/5.3.1/armv7-m\libgcc.a(_aeabi_ldivmod.o)
 .debug_frame   0x00000044       0x38 c:/program files (x86)/gnu tools arm embedded/5.3 2016q1/bin/../lib/gcc/arm-none-eabi/5.3.1/armv7-m\libgcc.a(_udivmoddi4.o)

.comment        0x00000000       0x6e
 .comment       0x00000000       0x6e IRSensorController.o
                                 0x6f (size before relaxing)
 .comment       0x0000006e       0x6f IRSensor.o
 .comment       0x0000006e       0x6f IRLed.o
 .comment       0x0000006e       0x6f IRLedController.o
 .comment       0x0000006e       0x6f GameTimeControl.o
 .comment       0x0000006e       0x6f OLEDControl.o
 .comment       0x0000006e       0x6f GameData.o
 .comment       0x0000006e       0x6f GameControl.o
 .comment       0x0000006e       0x6f DebugState.o
 .comment       0x0000006e       0x6f KeypadControl.o
 .comment       0x0000006e       0x6f hwlib.o
 .comment       0x0000006e       0x6f coroutine.o
 .comment       0x0000006e       0x6f rtos.o
 .comment       0x0000006e       0x6f main.o
 .comment       0x0000006e       0x6f bmptk_cortex.o
 .comment       0x0000006e       0x6f bmptk_heap_bmptk.o
 .comment       0x0000006e       0x6f bmptk_fixed_size_stack.o

.debug_str
 *(.debug_str)

.debug_loc
 *(.debug_loc)

.debug_macinfo
 *(.debug_macinfo)

.debug_weaknames
 *(.debug_weaknames)

.debug_funcnames
 *(.debug_funcnames)

.debug_typenames
 *(.debug_typenames)

.debug_varnames
 *(.debug_varnames)

.note.gnu.arm.ident
 *(.note.gnu.arm.ident)

.ARM.attributes
                0x00000000       0x31
 *(.ARM.attributes)
 .ARM.attributes
                0x00000000       0x33 IRSensorController.o
 .ARM.attributes
                0x00000033       0x33 IRSensor.o
 .ARM.attributes
                0x00000066       0x33 IRLed.o
 .ARM.attributes
                0x00000099       0x33 IRLedController.o
 .ARM.attributes
                0x000000cc       0x33 GameTimeControl.o
 .ARM.attributes
                0x000000ff       0x33 OLEDControl.o
 .ARM.attributes
                0x00000132       0x33 GameData.o
 .ARM.attributes
                0x00000165       0x33 GameControl.o
 .ARM.attributes
                0x00000198       0x33 DebugState.o
 .ARM.attributes
                0x000001cb       0x33 KeypadControl.o
 .ARM.attributes
                0x000001fe       0x33 hwlib.o
 .ARM.attributes
                0x00000231       0x33 coroutine.o
 .ARM.attributes
                0x00000264       0x21 switch_to.o
 .ARM.attributes
                0x00000285       0x33 rtos.o
 .ARM.attributes
                0x000002b8       0x33 main.o
 .ARM.attributes
                0x000002eb       0x33 bmptk_cortex.o
 .ARM.attributes
                0x0000031e       0x33 bmptk_heap_bmptk.o
 .ARM.attributes
                0x00000351       0x33 bmptk_fixed_size_stack.o
 .ARM.attributes
                0x00000384       0x1d c:/program files (x86)/gnu tools arm embedded/5.3 2016q1/bin/../lib/gcc/arm-none-eabi/5.3.1/armv7-m\libgcc.a(_aeabi_ldivmod.o)
 .ARM.attributes
                0x000003a1       0x2d c:/program files (x86)/gnu tools arm embedded/5.3 2016q1/bin/../lib/gcc/arm-none-eabi/5.3.1/armv7-m\libgcc.a(_udivmoddi4.o)
 .ARM.attributes
                0x000003ce       0x1d c:/program files (x86)/gnu tools arm embedded/5.3 2016q1/bin/../lib/gcc/arm-none-eabi/5.3.1/armv7-m\libgcc.a(_dvmd_tls.o)

/DISCARD/
 *(.note.GNU-stack)
                [!provide]                PROVIDE (__text_size, (__text_end - __text_start))
                [!provide]                PROVIDE (__exidx_size, (__exidx_end - __exidx_start))
                [!provide]                PROVIDE (__bss_size, (__bss_end - __bss_start))
                [!provide]                PROVIDE (__stack_size, (__stack_end - __stack_start))
                [!provide]                PROVIDE (__heap_size, (__heap_end - __heap_start))
OUTPUT(main.elf elf32-littlearm)
