Archive member included to satisfy reference by file (symbol)

c:/program files (x86)/gnu tools arm embedded/5.3 2016q1/bin/../lib/gcc/arm-none-eabi/5.3.1/armv7-m\libgcc.a(_aeabi_ldivmod.o)
                              IRSensorController.o (__aeabi_ldivmod)
c:/program files (x86)/gnu tools arm embedded/5.3 2016q1/bin/../lib/gcc/arm-none-eabi/5.3.1/armv7-m\libgcc.a(_udivmoddi4.o)
                              c:/program files (x86)/gnu tools arm embedded/5.3 2016q1/bin/../lib/gcc/arm-none-eabi/5.3.1/armv7-m\libgcc.a(_aeabi_ldivmod.o) (__udivmoddi4)
c:/program files (x86)/gnu tools arm embedded/5.3 2016q1/bin/../lib/gcc/arm-none-eabi/5.3.1/armv7-m\libgcc.a(_dvmd_tls.o)
                              c:/program files (x86)/gnu tools arm embedded/5.3 2016q1/bin/../lib/gcc/arm-none-eabi/5.3.1/armv7-m\libgcc.a(_aeabi_ldivmod.o) (__aeabi_ldiv0)

Allocating common symbols
Common symbol       size              file

__dso_handle        0x4               bmptk_cortex.o

Discarded input sections

 .group         0x00000000        0x8 IRSensorController.o
 .group         0x00000000        0x8 IRSensorController.o
 .group         0x00000000        0x8 IRSensorController.o
 .group         0x00000000        0x8 IRSensorController.o
 .group         0x00000000        0x8 IRSensorController.o
 .group         0x00000000        0x8 IRSensorController.o
 .group         0x00000000        0x8 IRSensorController.o
 .group         0x00000000        0x8 IRSensorController.o
 .group         0x00000000        0x8 IRSensorController.o
 .group         0x00000000        0x8 IRSensorController.o
 .group         0x00000000        0x8 IRSensorController.o
 .group         0x00000000        0x8 IRSensorController.o
 .group         0x00000000        0x8 IRSensorController.o
 .group         0x00000000        0x8 IRSensorController.o
 .group         0x00000000        0x8 IRSensorController.o
 .group         0x00000000        0x8 IRSensorController.o
 .group         0x00000000        0x8 IRSensorController.o
 .group         0x00000000        0x8 IRSensorController.o
 .group         0x00000000        0x8 IRSensorController.o
 .group         0x00000000        0x8 IRSensorController.o
 .group         0x00000000        0x8 IRSensorController.o
 .group         0x00000000        0x8 IRSensorController.o
 .group         0x00000000        0x8 IRSensorController.o
 .group         0x00000000        0x8 IRSensorController.o
 .group         0x00000000        0x8 IRSensorController.o
 .group         0x00000000        0x8 IRSensorController.o
 .group         0x00000000        0x8 IRSensorController.o
 .group         0x00000000        0x8 IRSensorController.o
 .group         0x00000000        0x8 IRSensorController.o
 .text          0x00000000        0x0 IRSensorController.o
 .data          0x00000000        0x0 IRSensorController.o
 .bss           0x00000000        0x0 IRSensorController.o
 .text._ZN5hwlib20_pin_out_dummy_class3setEb
                0x00000000        0x2 IRSensorController.o
 .text._ZN5hwlib23_pin_in_out_dummy_class3setEb
                0x00000000        0x2 IRSensorController.o
 .text._ZN5hwlib23_pin_in_out_dummy_class3getEv
                0x00000000        0x4 IRSensorController.o
 .text._ZN5hwlib23_pin_in_out_dummy_class19direction_set_inputEv
                0x00000000        0x2 IRSensorController.o
 .text._ZN5hwlib23_pin_in_out_dummy_class20direction_set_outputEv
                0x00000000        0x2 IRSensorController.o
 .text._ZN5hwlib19cin_using_uart_getc4getcEv
                0x00000000        0x4 IRSensorController.o
 .text._ZN5hwlib19cin_using_uart_getc14char_availableEv
                0x00000000        0x4 IRSensorController.o
 .text._ZN5hwlib4line4drawERNS_6windowE
                0x00000000       0xa4 IRSensorController.o
 .text._ZN5hwlib6circle4drawERNS_6windowE
                0x00000000      0x2ec IRSensorController.o
 .text._ZN5hwlib5blinkERNS_7pin_outEi
                0x00000000       0x28 IRSensorController.o
 .text._ZN5hwlib4kittERNS_11port_in_outEi
                0x00000000       0x54 IRSensorController.o
 .text._ZN5hwlib4kittERNS_8port_outEi
                0x00000000       0x4e IRSensorController.o
 .text._ZN5hwlib4kittERNS_7port_ocEi
                0x00000000       0x4e IRSensorController.o
 .text._ZN5hwlib4randEv
                0x00000000       0x20 IRSensorController.o
 .text._ZN5hwlib15random_in_rangeEjj
                0x00000000       0x1a IRSensorController.o
 .text._ZN5hwlib21graphics_random_linesERNS_6windowE
                0x00000000       0xe8 IRSensorController.o
 .text._ZN5hwlib23graphics_random_circlesERNS_6windowE
                0x00000000       0x8c IRSensorController.o
 .text._ZN3due11ad_pin_infoENS_7ad_pinsE
                0x00000000       0x1c IRSensorController.o
 .text._ZN3due11ad_seq_infoEi
                0x00000000       0x20 IRSensorController.o
 .text._ZN5hwlib24uart_getc_bit_banged_pinERNS_6pin_inE
                0x00000000       0xaa IRSensorController.o
[...]
Memory Configuration

Name             Origin             Length             Attributes
rom              0x00000000         0x00080000         xr
ram              0x20000000         0x00018000         xrw
nul              0x20000000         0x00000000         xrw
*default*        0x00000000         0xffffffff

Linker script and memory map

LOAD c:/program files (x86)/gnu tools arm embedded/5.3 2016q1/bin/../lib/gcc/arm-none-eabi/5.3.1/armv7-m\libgcc.a
LOAD IRSensorController.o
LOAD IRSensor.o
LOAD IRLed.o
LOAD IRLedController.o
LOAD GameTimeControl.o
LOAD OLEDControl.o
LOAD GameData.o
LOAD GameControl.o
LOAD DebugState.o
LOAD KeypadControl.o
LOAD hwlib.o
LOAD coroutine.o
LOAD switch_to.o
LOAD rtos.o
LOAD main.o
LOAD bmptk_cortex.o
LOAD bmptk_heap_bmptk.o
LOAD bmptk_fixed_size_stack.o
LOAD c:/program files (x86)/gnu tools arm embedded/5.3 2016q1/bin/../lib/gcc/arm-none-eabi/5.3.1/../../../../arm-none-eabi/lib/armv7-m\libstdc++.a
LOAD c:/program files (x86)/gnu tools arm embedded/5.3 2016q1/bin/../lib/gcc/arm-none-eabi/5.3.1/../../../../arm-none-eabi/lib/armv7-m\libm.a
START GROUP
LOAD c:/program files (x86)/gnu tools arm embedded/5.3 2016q1/bin/../lib/gcc/arm-none-eabi/5.3.1/armv7-m\libgcc.a
LOAD c:/program files (x86)/gnu tools arm embedded/5.3 2016q1/bin/../lib/gcc/arm-none-eabi/5.3.1/../../../../arm-none-eabi/lib/armv7-m\libc.a
END GROUP
                0x00000000                __rom_start = ORIGIN (rom)
                0x00080000                __rom_size = LENGTH (rom)
                0x00080000                __rom_end = (__rom_start + __rom_size)
                0x20000000                __ram_start = ORIGIN (ram)
                0x00018000                __ram_size = LENGTH (ram)
                0x20018000                __ram_end = (__ram_start + __ram_size)
                [!provide]                PROVIDE (__rom_start, __rom_start)
                [!provide]                PROVIDE (__rom_size, __rom_size)
                [!provide]                PROVIDE (__rom_end, __rom_end)
                [!provide]                PROVIDE (__ram_start, __ram_start)
                [!provide]                PROVIDE (__ram_size, __ram_size)
                [!provide]                PROVIDE (__ram_end, __ram_end)

.text           0x00000000     0x4224
                0x00000000                . = ALIGN (0x4)
                0x00000000                __text_start = .
                [!provide]                PROVIDE (__text_start, __text_start)
                0x00000000                . = ALIGN (0x4)
 *(.vectors)
 .vectors       0x00000000       0xb0 bmptk_cortex.o
                0x00000000                __vectors
                0x000000b0                . = ALIGN (0x4)
 *(.text .text.* .gnu.linkonce.t.*)
 .text._ZN5hwlib19_pin_in_dummy_class3getEv
                0x000000b0        0x4 IRSensorController.o
                0x000000b0                hwlib::_pin_in_dummy_class::get()
 .text._ZN5hwlib19_pin_oc_dummy_class3setEb
                0x000000b4        0x2 IRSensorController.o
                0x000000b4                hwlib::_pin_oc_dummy_class::set(bool)
 .text._ZN5hwlib19_pin_oc_dummy_class3getEv
                0x000000b6        0x4 IRSensorController.o
                0x000000b6                hwlib::_pin_oc_dummy_class::get()
 .text._ZN5hwlib7ostream5flushEv
                0x000000ba        0x2 IRSensorController.o
                0x000000ba                hwlib::ostream::flush()
 .text._ZN5hwlib20cout_using_uart_putc4putcEc
                0x000000bc        0x6 IRSensorController.o
                0x000000bc                hwlib::cout_using_uart_putc::putc(char)
 .text._ZN4rtos7channelIiLi16EE5clearEv
                0x000000c2       0x12 IRSensorController.o
                0x000000c2                rtos::channel<int, 16>::clear()
 .text._ZN5hwlib7ostream6fillerEi
                0x000000d4       0x1a IRSensorController.o
                0x000000d4                hwlib::ostream::filler(int)
 .text._ZN5hwliblsERNS_7ostreamEPKc
                0x000000ee       0x54 IRSensorController.o
                0x000000ee                hwlib::operator<<(hwlib::ostream&, char const*)
 .text._ZN5hwlib6window5writeENS_8locationENS_5colorE
                0x00000142       0x3e IRSensorController.o
                0x00000142                hwlib::window::write(hwlib::location, hwlib::color)
 .text._ZN6sam3xa10SystemInitEv
                0x00000180       0x88 IRSensorController.o
                0x00000180                sam3xa::SystemInit()
 .text._ZN3due8pin_infoENS_4pinsE
                0x00000208       0x20 IRSensorController.o
                0x00000208                due::pin_info(due::pins)
 .text._ZN3due14port_registersEi
                0x00000228       0x48 IRSensorController.o
                0x00000228                due::port_registers(int)
 .text._ZN3due9now_ticksEv
                0x00000270       0x70 IRSensorController.o
                0x00000270                due::now_ticks()
 .text._ZN3due6now_usEv
                0x000002e0       0x10 IRSensorController.o
                0x000002e0                due::now_us()
 .text._ZN5hwlib9now_ticksEv
                0x000002f0        0x8 IRSensorController.o
                0x000002f0                hwlib::now_ticks()
 .text._ZN5hwlib24uart_putc_bit_banged_pinEcRNS_7pin_outE
                0x000002f8       0xc8 IRSensorController.o
                0x000002f8                hwlib::uart_putc_bit_banged_pin(char, hwlib::pin_out&)
 .text._ZN5hwlib6now_usEv
                0x000003c0        0x8 IRSensorController.o
                0x000003c0                hwlib::now_us()
 .text._ZN18IRSensorControllerC2ER8IRSensor
                0x000003c8       0xa0 IRSensorController.o
                0x000003c8                IRSensorController::IRSensorController(IRSensor&)
                0x000003c8                IRSensorController::IRSensorController(IRSensor&)
 .text._ZN18IRSensorController12count_signalEv
                0x00000468       0x4a IRSensorController.o
                0x00000468                IRSensorController::count_signal()
 .text._ZN4rtos7channelIiLi16EE5writeEi
                0x000004b2       0x3c IRSensorController.o
                0x000004b2                rtos::channel<int, 16>::write(int)
 *fill*         0x000004ee        0x2 
 .text._ZN18IRSensorController11storeSignalEv
                0x000004f0       0x9c IRSensorController.o
                0x000004f0                IRSensorController::storeSignal()
 .text.startup._ZN18IRSensorController4mainEv
                0x0000058c       0x3a IRSensorController.o
                0x0000058c                IRSensorController::main()
 .text._ZN8IRSensorC2ERN3due6pin_inE
                0x000005c6        0x8 IRSensor.o
                0x000005c6                IRSensor::IRSensor(due::pin_in&)
                0x000005c6                IRSensor::IRSensor(due::pin_in&)
 .text._ZN8IRSensor3getEv
                0x000005ce        0x8 IRSensor.o
                0x000005ce                IRSensor::get()
 *fill*         0x000005d6        0x2 
 .text._ZN3due8d2_36kHz3setEb
                0x000005d8       0x18 IRLed.o
                0x000005d8                due::d2_36kHz::set(bool)
 .text._ZN5IRLedC2ERN3due8d2_36kHzE
                0x000005f0        0xc IRLed.o
                0x000005f0                IRLed::IRLed(due::d2_36kHz&)
                0x000005f0                IRLed::IRLed(due::d2_36kHz&)
 .text._ZN5IRLed2onEv
                0x000005fc       0x10 IRLed.o
                0x000005fc                IRLed::on()
 .text._ZN5IRLed3offEv
                0x0000060c       0x10 IRLed.o
                0x0000060c                IRLed::off()
 .text._ZN4rtos7channelIiLi10EE5clearEv
                0x0000061c       0x12 IRLedController.o
                0x0000061c                rtos::channel<int, 10>::clear()
 *fill*         0x0000062e        0x2 
 .text._ZN15IRLedControllerC2ER5IRLed
                0x00000630       0x90 IRLedController.o
                0x00000630                IRLedController::IRLedController(IRLed&)
                0x00000630                IRLedController::IRLedController(IRLed&)
 .text._ZN15IRLedController7sendBitEb
                0x000006c0       0x80 IRLedController.o
                0x000006c0                IRLedController::sendBit(bool)
 .text._ZN15IRLedController12writeCommandEi
                0x00000740       0x40 IRLedController.o
                0x00000740                IRLedController::writeCommand(int)
 .text._ZN15IRLedController11sendCommandEi
                0x00000780       0x26 IRLedController.o
                0x00000780                IRLedController::sendCommand(int)
 *fill*         0x000007a6        0x2 
 .text.startup._ZN15IRLedController4mainEv
                0x000007a8       0xb4 IRLedController.o
                0x000007a8                IRLedController::main()
 .text._ZN4rtos8callback6cancelEv
                0x0000085c        0xa GameTimeControl.o
                0x0000085c                rtos::callback::cancel()
 *fill*         0x00000866        0x2 
 .text.startup._ZN15GameTimeControl4mainEv
                0x00000868       0x80 GameTimeControl.o
                0x00000868                GameTimeControl::main()
 .text._ZN15GameTimeControlC2ER8GameDataR11GameControl
                0x000008e8       0x68 GameTimeControl.o
                0x000008e8                GameTimeControl::GameTimeControl(GameData&, GameControl&)
                0x000008e8                GameTimeControl::GameTimeControl(GameData&, GameControl&)
 .text._ZN5hwlib7console7goto_xyEii
                0x00000950        0xa OLEDControl.o
                0x00000950                hwlib::console::goto_xy(int, int)
 .text._ZN5hwlib14window_ostream22goto_xy_implementationEii
                0x0000095a       0x20 OLEDControl.o
                0x0000095a                hwlib::window_ostream::goto_xy_implementation(int, int)
 .text._ZN5hwlib14window_ostream5clearEv
                0x0000097a       0x1c OLEDControl.o
                0x0000097a                hwlib::window_ostream::clear()
 *fill*         0x00000996        0x2 
 .text._ZNK5hwlib16font_default_8x8ixEc
                0x00000998       0x14 OLEDControl.o
                0x00000998                hwlib::font_default_8x8::operator[](char) const
 .text._ZN5hwlib7console4putcEc
                0x000009ac       0xba OLEDControl.o
                0x000009ac                hwlib::console::putc(char)
 .text._ZN5hwliblsERNS_7ostreamEi
                0x00000a66       0xd4 OLEDControl.o
                0x00000a66                hwlib::operator<<(hwlib::ostream&, int)
 .text._ZN5hwlib6window5clearEv
                0x00000b3a       0x32 OLEDControl.o
                0x00000b3a                hwlib::window::clear()
 .text._ZN5hwlib11window_part20write_implementationENS_8locationENS_5colorE
                0x00000b6c       0x2e OLEDControl.o
                0x00000b6c                hwlib::window_part::write_implementation(hwlib::location, hwlib::color)
 .text._ZN5hwlib14window_ostream19putc_implementationEc
                0x00000b9a       0x80 OLEDControl.o
                0x00000b9a                hwlib::window_ostream::putc_implementation(char)
 *fill*         0x00000c1a        0x2 
 .text._ZN5hwlib14window_ostreamC2ERNS_6windowERKNS_4fontE
                0x00000c1c       0x60 OLEDControl.o
                0x00000c1c                hwlib::window_ostream::window_ostream(hwlib::window&, hwlib::font const&)
                0x00000c1c                hwlib::window_ostream::window_ostream(hwlib::window&, hwlib::font const&)
 .text._ZN11OLEDControlC2ERN5hwlib18glcd_oled_bufferedER8GameData
                0x00000c7c        0x6 OLEDControl.o
                0x00000c7c                OLEDControl::OLEDControl(hwlib::glcd_oled_buffered&, GameData&)
                0x00000c7c                OLEDControl::OLEDControl(hwlib::glcd_oled_buffered&, GameData&)
 *fill*         0x00000c82        0x2 
 .text._ZN11OLEDControl12updateScreenEv
                0x00000c84      0x1b0 OLEDControl.o
                0x00000c84                OLEDControl::updateScreen()
 .text._ZN11OLEDControl11dataChangedEv
                0x00000e34        0x4 OLEDControl.o
                0x00000e34                OLEDControl::dataChanged()
 .text._ZN8GameData7getDataEi
                0x00000e38       0x20 GameData.o
                0x00000e38                GameData::getData(int)
 .text._ZN8GameData10updateTimeEv
                0x00000e58        0x8 GameData.o
                0x00000e58                GameData::updateTime()
 .text._ZN11GameControl12updateScreenEv
                0x00000e60        0xa GameControl.o
                0x00000e60                GameControl::updateScreen()
 .text._ZThn4228_N11GameControl12updateScreenEv
                0x00000e6a        0xc GameControl.o
                0x00000e6a                non-virtual thunk to GameControl::updateScreen()
 .text._ZN11GameControl11sendCommandE7COMMAND
                0x00000e76        0xa GameControl.o
                0x00000e76                GameControl::sendCommand(COMMAND)
 .text._ZThn4228_N11GameControl11sendCommandE7COMMAND
                0x00000e80        0xc GameControl.o
                0x00000e80                non-virtual thunk to GameControl::sendCommand(COMMAND)
 .text._ZN5hwlib7ostreamlsEc
                0x00000e8c        0xe GameControl.o
                0x00000e8c                hwlib::ostream::operator<<(char)
 *fill*         0x00000e9a        0x2 
 .text._ZN4rtos7channelI7COMMANDLi50EE4readEv.part.7
                0x00000e9c       0x28 GameControl.o
 .text._ZN4rtos8waitable5clearEv
                0x00000ec4        0xa GameControl.o
                0x00000ec4                rtos::waitable::clear()
 .text._ZN4rtos7channelIcLi1EE5clearEv
                0x00000ece       0x10 GameControl.o
                0x00000ece                rtos::channel<char, 1>::clear()
 .text._ZN4rtos7channelI7COMMANDLi50EE5clearEv
                0x00000ede       0x10 GameControl.o
                0x00000ede                rtos::channel<COMMAND, 50>::clear()
 .text._ZN4rtos8waitable3setEv
                0x00000eee        0xa GameControl.o
                0x00000eee                rtos::waitable::set()
 .text._ZN11GameControl11readCommandEv
                0x00000ef8       0x50 GameControl.o
                0x00000ef8                GameControl::readCommand()
 .text._ZThn4228_N11GameControl11readCommandEv
                0x00000f48        0xc GameControl.o
                0x00000f48                non-virtual thunk to GameControl::readCommand()
 .text._ZN11GameControlC2ER11OLEDControlR15IRLedControllerR18IRSensorController
                0x00000f54       0xe0 GameControl.o
                0x00000f54                GameControl::GameControl(OLEDControl&, IRLedController&, IRSensorController&)
                0x00000f54                GameControl::GameControl(OLEDControl&, IRLedController&, IRSensorController&)
 .text._ZN11GameControl10keyPressedEc
                0x00001034       0x3a GameControl.o
                0x00001034                GameControl::keyPressed(char)
 .text._ZN11GameControl18commandReadyToSendEv
                0x0000106e       0x14 GameControl.o
                0x0000106e                GameControl::commandReadyToSend()
 .text._ZN11GameControl10setCommandE7COMMAND
                0x00001082       0x42 GameControl.o
                0x00001082                GameControl::setCommand(COMMAND)
 .text._ZThn4228_N11GameControl10setCommandE7COMMAND
                0x000010c4        0xc GameControl.o
                0x000010c4                non-virtual thunk to GameControl::setCommand(COMMAND)
 .text._ZN11GameControl11dataChangedEv
                0x000010d0        0xa GameControl.o
                0x000010d0                GameControl::dataChanged()
 .text._ZN4rtos7channelIcLi1EE4readEv
                0x000010da       0x4a GameControl.o
                0x000010da                rtos::channel<char, 1>::read()
 .text._ZN11GameControl7readKeyEv
                0x00001124        0xe GameControl.o
                0x00001124                GameControl::readKey()
 .text._ZThn4228_N11GameControl7readKeyEv
                0x00001132        0xc GameControl.o
                0x00001132                non-virtual thunk to GameControl::readKey()
 .text.startup._ZN11GameControl4mainEv
                0x0000113e       0x6e GameControl.o
                0x0000113e                GameControl::main()
 .text._ZN10DebugState11dataChangedEP20GameControlInterface
                0x000011ac        0x8 DebugState.o
                0x000011ac                DebugState::dataChanged(GameControlInterface*)
 .text._ZN10DebugState18commandReadyToSendEP20GameControlInterface
                0x000011b4       0x2c DebugState.o
                0x000011b4                DebugState::commandReadyToSend(GameControlInterface*)
 .text._ZN10DebugState10keyPressedEP20GameControlInterface
                0x000011e0       0x24 DebugState.o
                0x000011e0                DebugState::keyPressed(GameControlInterface*)
 .text._ZN10DebugStateC2Ev
                0x00001204        0xc DebugState.o
                0x00001204                DebugState::DebugState()
                0x00001204                DebugState::DebugState()
 .text.startup._ZN13KeypadControl4mainEv
                0x00001210       0x54 KeypadControl.o
                0x00001210                KeypadControl::main()
 .text._ZN13KeypadControlC2ERN5hwlib6keypadILi16EEER11GameControl
                0x00001264       0x7c KeypadControl.o
                0x00001264                KeypadControl::KeypadControl(hwlib::keypad<16>&, GameControl&)
                0x00001264                KeypadControl::KeypadControl(hwlib::keypad<16>&, GameControl&)
 .text._ZNK5hwlib9image_8x818get_implementationENS_8locationE
                0x000012e0       0x4c hwlib.o
                0x000012e0                hwlib::image_8x8::get_implementation(hwlib::location) const
 .text._ZN3due6pin_in3getEv
                0x0000132c       0x10 hwlib.o
                0x0000132c                due::pin_in::get()
 .text._ZN3due7pin_out3setEb
                0x0000133c        0xe hwlib.o
                0x0000133c                due::pin_out::set(bool)
 *fill*         0x0000134a        0x2 
 .text._ZN5hwlib9uart_putcEc
                0x0000134c       0x3c hwlib.o
                0x0000134c                hwlib::uart_putc(char)
 .text          0x00001388       0x24 switch_to.o
                0x00001388                switch_from_to
 .text._ZN5hwlib7ostream7reverse10add_prefixERKS0_.part.1.constprop.23
                0x000013ac       0x4c rtos.o
 .text._ZN5hwliblsERNS_7ostreamEx
                0x000013f8       0xbc rtos.o
                0x000013f8                hwlib::operator<<(hwlib::ostream&, long long)
 .text._ZN5hwliblsERNS_7ostreamEj
                0x000014b4        0xc rtos.o
                0x000014b4                hwlib::operator<<(hwlib::ostream&, unsigned int)
 .text._Z6strlenPKc
                0x000014c0       0x10 rtos.o
                0x000014c0                strlen(char const*)
 .text._Z6strcpyPcPKc
                0x000014d0       0x14 rtos.o
                0x000014d0                strcpy(char*, char const*)
 .text._Z15string_allocatePKc
                0x000014e4       0x26 rtos.o
                0x000014e4                string_allocate(char const*)
 .text._Z12nr_from_maskj
                0x0000150a       0x1c rtos.o
                0x0000150a                nr_from_mask(unsigned int)
 *fill*         0x00001526        0x2 
 .text._Z15task_trampolinev
                0x00001528       0x34 rtos.o
                0x00001528                task_trampoline()
 .text._ZN4rtos9task_base7releaseEv
                0x0000155c       0x24 rtos.o
                0x0000155c                rtos::task_base::release()
 .text._ZN4rtos9task_base7suspendEv
                0x00001580        0x8 rtos.o
                0x00001580                rtos::task_base::suspend()
 .text._ZN4rtos9task_base6resumeEv
                0x00001588        0x8 rtos.o
                0x00001588                rtos::task_base::resume()
 .text._ZN4rtos9task_base7unblockEv
                0x00001590       0x14 rtos.o
                0x00001590                rtos::task_base::unblock()
 .text._ZN4rtos9task_base5blockEv
                0x000015a4       0x70 rtos.o
                0x000015a4                rtos::task_base::block()
 .text._ZNK4rtos9task_base5printERN5hwlib7ostreamEb
                0x00001614      0x160 rtos.o
                0x00001614                rtos::task_base::print(hwlib::ostream&, bool) const
 .text._ZNK4rtos5eventeqERKS0_
                0x00001774       0x3c rtos.o
                0x00001774                rtos::event::operator==(rtos::event const&) const
 .text._ZNK4rtos5eventeqERKNS_8waitableE
                0x000017b0       0x1a rtos.o
                0x000017b0                rtos::event::operator==(rtos::waitable const&) const
 *fill*         0x000017ca        0x2 
 .text._ZNK4rtos5eventplERKS0_
                0x000017cc       0x3c rtos.o
                0x000017cc                rtos::event::operator+(rtos::event const&) const
 .text._ZNK4rtos4flag5printERN5hwlib7ostreamEb
                0x00001808       0xcc rtos.o
                0x00001808                rtos::flag::print(hwlib::ostream&, bool) const
 .text._ZN4rtos5timer3setEm
                0x000018d4        0xe rtos.o
                0x000018d4                rtos::timer::set(unsigned long)
 *fill*         0x000018e2        0x2 
 .text._ZNK4rtos5timer5printERN5hwlib7ostreamEb
                0x000018e4       0xd0 rtos.o
                0x000018e4                rtos::timer::print(hwlib::ostream&, bool) const
 .text._ZNK4rtos5clock5printERN5hwlib7ostreamEb
                0x000019b4       0xd8 rtos.o
                0x000019b4                rtos::clock::print(hwlib::ostream&, bool) const
 .text._ZN4rtos12waitable_set17waitable_allocateEv
                0x00001a8c       0x38 rtos.o
                0x00001a8c                rtos::waitable_set::waitable_allocate()
 .text._ZN4rtos8waitableC2EPNS_9task_baseEPKc
                0x00001ac4       0x2c rtos.o
                0x00001ac4                rtos::waitable::waitable(rtos::task_base*, char const*)
                0x00001ac4                rtos::waitable::waitable(rtos::task_base*, char const*)
 .text._ZN4rtos12waitable_set3setERKNS_8waitableE
                0x00001af0       0x14 rtos.o
                0x00001af0                rtos::waitable_set::set(rtos::waitable const&)
 .text._ZN4rtos5clock7time_upEv
                0x00001b04       0x2e rtos.o
                0x00001b04                rtos::clock::time_up()
 .text._ZThn16_N4rtos5clock7time_upEv
                0x00001b32        0x8 rtos.o
                0x00001b32                non-virtual thunk to rtos::clock::time_up()
 .text._ZN4rtos5timer7time_upEv
                0x00001b3a       0x10 rtos.o
                0x00001b3a                rtos::timer::time_up()
                0x00001b44                non-virtual thunk to rtos::timer::time_up()
 .text._ZN4rtos4flag3setEv
                0x00001b4a       0x10 rtos.o
                0x00001b4a                rtos::flag::set()
 .text._ZN4rtos12waitable_set5clearERKNS_8waitableE
                0x00001b5a        0xc rtos.o
                0x00001b5a                rtos::waitable_set::clear(rtos::waitable const&)
 .text._ZN4rtos5timer6cancelEv
                0x00001b66       0x16 rtos.o
                0x00001b66                rtos::timer::cancel()
 .text._ZThn16_N4rtos5timer6cancelEv
                0x00001b7c        0x8 rtos.o
                0x00001b7c                non-virtual thunk to rtos::timer::cancel()
 .text._ZN4rtos5clock5clearEv
                0x00001b84        0x8 rtos.o
                0x00001b84                rtos::clock::clear()
 .text._ZN4rtos12waitable_set4waitEj
                0x00001b8c       0x64 rtos.o
                0x00001b8c                rtos::waitable_set::wait(unsigned int)
 .text._ZN4rtos9task_base5sleepEm
                0x00001bf0       0x20 rtos.o
                0x00001bf0                rtos::task_base::sleep(unsigned long)
 .text._ZNK4rtos5mutex5printERN5hwlib7ostreamEb
                0x00001c10       0xec rtos.o
                0x00001c10                rtos::mutex::print(hwlib::ostream&, bool) const
 .text._ZNK4rtos12channel_base5printERN5hwlib7ostreamEb
                0x00001cfc       0xe0 rtos.o
                0x00001cfc                rtos::channel_base::print(hwlib::ostream&, bool) const
 .text._ZNK4rtos9pool_base5printERN5hwlib7ostreamEb
                0x00001ddc       0x78 rtos.o
                0x00001ddc                rtos::pool_base::print(hwlib::ostream&, bool) const
 .text._ZNK4rtos12mailbox_base5printERN5hwlib7ostreamEb
                0x00001e54       0xc4 rtos.o
                0x00001e54                rtos::mailbox_base::print(hwlib::ostream&, bool) const
 .text._ZN4rtos3addEPNS_4flagE
                0x00001f18       0x10 rtos.o
                0x00001f18                rtos::add(rtos::flag*)
 .text._ZN4rtos4flagC2EPNS_9task_baseEPKc
                0x00001f28       0x20 rtos.o
                0x00001f28                rtos::flag::flag(rtos::task_base*, char const*)
                0x00001f28                rtos::flag::flag(rtos::task_base*, char const*)
 .text._ZN4rtos3addEPNS_5timerE
                0x00001f48       0x10 rtos.o
                0x00001f48                rtos::add(rtos::timer*)
 .text._ZN4rtos3addEPNS_5clockE
                0x00001f58       0x10 rtos.o
                0x00001f58                rtos::add(rtos::clock*)
 .text._ZN4rtos3addEPNS_12channel_baseE
                0x00001f68       0x10 rtos.o
                0x00001f68                rtos::add(rtos::channel_base*)
 .text._ZN4rtos12channel_baseC2EPNS_9task_baseEPKc
                0x00001f78       0x30 rtos.o
                0x00001f78                rtos::channel_base::channel_base(rtos::task_base*, char const*)
                0x00001f78                rtos::channel_base::channel_base(rtos::task_base*, char const*)
 .text._ZN4rtos5printERN5hwlib7ostreamE
                0x00001fa8      0x1b4 rtos.o
                0x00001fa8                rtos::print(hwlib::ostream&)
 .text._ZN4rtos4beatEv
                0x0000215c      0x14c rtos.o
                0x0000215c                rtos::beat()
 .text._ZN4rtos8run_timeEv
                0x000022a8        0x8 rtos.o
                0x000022a8                rtos::run_time()
 .text._ZN4rtos3runEv
                0x000022b0       0x40 rtos.o
                0x000022b0                rtos::run()
 .text._ZN4rtos3addEPNS_8callbackE
                0x000022f0       0x10 rtos.o
                0x000022f0                rtos::add(rtos::callback*)
 .text._ZN4rtos8callbackC2EPKc
                0x00002300       0x2c rtos.o
                0x00002300                rtos::callback::callback(char const*)
                0x00002300                rtos::callback::callback(char const*)
 .text._ZN4rtos5timerC2EPNS_9task_baseEPKc
                0x0000232c       0x34 rtos.o
                0x0000232c                rtos::timer::timer(rtos::task_base*, char const*)
                0x0000232c                rtos::timer::timer(rtos::task_base*, char const*)
 .text._ZN4rtos5clockC2EPNS_9task_baseEmPKc
                0x00002360       0x3c rtos.o
                0x00002360                rtos::clock::clock(rtos::task_base*, unsigned long, char const*)
                0x00002360                rtos::clock::clock(rtos::task_base*, unsigned long, char const*)
 .text._ZN4rtos3addEPNS_9task_baseE
                0x0000239c       0x7c rtos.o
                0x0000239c                rtos::add(rtos::task_base*)
 .text._ZN4rtos9task_baseC2ER9coroutineILi0EEjPKc
                0x00002418       0x4c rtos.o
                0x00002418                rtos::task_base::task_base(coroutine<0>&, unsigned int, char const*)
                0x00002418                rtos::task_base::task_base(coroutine<0>&, unsigned int, char const*)
 .text._ZN5hwlib7wait_usEi
                0x00002464       0x40 rtos.o
                0x00002464                hwlib::wait_us(int)
 .text._ZN5hwlib7wait_msEi
                0x000024a4       0x16 rtos.o
                0x000024a4                hwlib::wait_ms(int)
 .text._ZN5hwlib17port_in_from_pins14number_of_pinsEv
                0x000024ba        0x4 main.o
                0x000024ba                hwlib::port_in_from_pins::number_of_pins()
 .text._ZN5hwlib17port_in_from_pins3getEv
                0x000024be       0x2e main.o
                0x000024be                hwlib::port_in_from_pins::get()
 .text._ZN5hwlib17port_oc_from_pins14number_of_pinsEv
                0x000024ec        0x4 main.o
                0x000024ec                hwlib::port_oc_from_pins::number_of_pins()
 .text._ZN5hwlib17port_oc_from_pins3getEv
                0x000024f0       0x2e main.o
                0x000024f0                hwlib::port_oc_from_pins::get()
 .text._ZN5hwlib17port_oc_from_pins3setEj
                0x0000251e       0x26 main.o
                0x0000251e                hwlib::port_oc_from_pins::set(unsigned int)
 .text._ZN5hwlib18glcd_oled_buffered5clearEv
                0x00002544       0x1e main.o
                0x00002544                hwlib::glcd_oled_buffered::clear()
 .text._ZN3due6pin_oc3getEv
                0x00002562       0x10 main.o
                0x00002562                due::pin_oc::get()
 .text._ZN3due6pin_oc3setEb
                0x00002572       0x10 main.o
                0x00002572                due::pin_oc::set(bool)
 .text._ZN5hwlib6keypadILi16EE4getcEv
                0x00002582       0x24 main.o
                0x00002582                hwlib::keypad<16>::getc()
 .text._ZN5hwlib33spi_bus_bit_banged_sclk_mosi_miso16wait_half_periodEv.isra.3
                0x000025a6        0x6 main.o
 .text._ZNK5hwlib5coloreqES0_
                0x000025ac       0x36 main.o
                0x000025ac                hwlib::color::operator==(hwlib::color) const
 *fill*         0x000025e2        0x2 
 .text._ZN5hwlib18glcd_oled_buffered20write_implementationENS_8locationENS_5colorE
                0x000025e4       0x78 main.o
                0x000025e4                hwlib::glcd_oled_buffered::write_implementation(hwlib::location, hwlib::color)
 .text._ZN5hwlib26i2c_bus_bit_banged_scl_sda9write_bitEb
                0x0000265c       0x30 main.o
                0x0000265c                hwlib::i2c_bus_bit_banged_scl_sda::write_bit(bool)
 .text._ZN5hwlib26i2c_bus_bit_banged_scl_sda8read_bitEv
                0x0000268c       0x3c main.o
                0x0000268c                hwlib::i2c_bus_bit_banged_scl_sda::read_bit()
 .text._ZN5hwlib26i2c_bus_bit_banged_scl_sda11write_startEv
                0x000026c8       0x24 main.o
                0x000026c8                hwlib::i2c_bus_bit_banged_scl_sda::write_start()
 .text._ZN5hwlib26i2c_bus_bit_banged_scl_sda10write_stopEv
                0x000026ec       0x40 main.o
                0x000026ec                hwlib::i2c_bus_bit_banged_scl_sda::write_stop()
 .text._ZN5hwlib26i2c_bus_bit_banged_scl_sda10write_byteEj
                0x0000272c       0x1c main.o
                0x0000272c                hwlib::i2c_bus_bit_banged_scl_sda::write_byte(unsigned int)
 .text._ZN5hwlib26i2c_bus_bit_banged_scl_sda5writeEjPKhj
                0x00002748       0x3a main.o
                0x00002748                hwlib::i2c_bus_bit_banged_scl_sda::write(unsigned int, unsigned char const*, unsigned int)
 .text._ZN5hwlib26i2c_bus_bit_banged_scl_sda4readEjPhj
                0x00002782       0x60 main.o
                0x00002782                hwlib::i2c_bus_bit_banged_scl_sda::read(unsigned int, unsigned char*, unsigned int)
 *fill*         0x000027e2        0x2 
 .text._ZN3due6pin_inC2ENS_4pinsE
                0x000027e4       0x34 main.o
                0x000027e4                due::pin_in::pin_in(due::pins)
                0x000027e4                due::pin_in::pin_in(due::pins)
 .text._ZN3due6pin_ocC2ENS_4pinsE
                0x00002818       0x34 main.o
                0x00002818                due::pin_oc::pin_oc(due::pins)
                0x00002818                due::pin_oc::pin_oc(due::pins)
 .text._ZN5hwlib6keypadILi16EE14char_availableEv
                0x0000284c       0x98 main.o
                0x0000284c                hwlib::keypad<16>::char_available()
 .text._ZN4rtos8callbackD2Ev
                0x000028e4       0x30 main.o
                0x000028e4                rtos::callback::~callback()
                0x000028e4                rtos::callback::~callback()
 .text.startup.main
                0x00002914      0x2d4 main.o
                0x00002914                main
 .text.Int27_Handler
                0x00002be8        0x2 bmptk_cortex.o
                0x00002be8                Int27_Handler
 *fill*         0x00002bea        0x2 
 .text.__startup
                0x00002bec       0x48 bmptk_cortex.o
                0x00002bec                __startup
 .text.SysTick_Handler
                0x00002c34        0x2 bmptk_cortex.o
                0x00002c34                SysTick_Handler
 .text.__cxa_pure_virtual
                0x00002c36        0x2 bmptk_cortex.o
                0x00002c36                __cxa_pure_virtual
 .text.malloc   0x00002c38       0x24 bmptk_heap_bmptk.o
                0x00002c38                malloc
 .text          0x00002c5c       0xa0 c:/program files (x86)/gnu tools arm embedded/5.3 2016q1/bin/../lib/gcc/arm-none-eabi/5.3.1/armv7-m\libgcc.a(_aeabi_ldivmod.o)
                0x00002c5c                __aeabi_ldivmod
 .text          0x00002cfc      0x2ec c:/program files (x86)/gnu tools arm embedded/5.3 2016q1/bin/../lib/gcc/arm-none-eabi/5.3.1/armv7-m\libgcc.a(_udivmoddi4.o)
                0x00002cfc                __udivmoddi4
 .text          0x00002fe8        0x4 c:/program files (x86)/gnu tools arm embedded/5.3 2016q1/bin/../lib/gcc/arm-none-eabi/5.3.1/armv7-m\libgcc.a(_dvmd_tls.o)
                0x00002fe8                __aeabi_ldiv0
                0x00002fec                . = ALIGN (0x4)
 *(.glue_7t .glue_7)
 .glue_7        0x00002fec        0x0 linker stubs
 .glue_7t       0x00002fec        0x0 linker stubs
                0x00002fec                . = ALIGN (0x4)
 *(.rodata .rodata.* .gnu.linkonce.r.*)
 .rodata._ZTVN5hwlib19_pin_in_dummy_classE
                0x00002fec        0xc IRSensorController.o
                0x00002fec                vtable for hwlib::_pin_in_dummy_class
 .rodata._ZTVN5hwlib19_pin_oc_dummy_classE
                0x00002ff8       0x10 IRSensorController.o
                0x00002ff8                vtable for hwlib::_pin_oc_dummy_class
 .rodata._ZTVN5hwlib20cout_using_uart_putcE
                0x00003008       0x10 IRSensorController.o
                0x00003008                vtable for hwlib::cout_using_uart_putc
 .rodata._ZTVN4rtos7channelIiLi16EEE
                0x00003018        0xc IRSensorController.o
                0x00003018                vtable for rtos::channel<int, 16>
 .rodata.str1.1
                0x00003024       0x8b IRSensorController.o
                                 0x8d (size before relaxing)
 *fill*         0x000030af        0x1 
 .rodata._ZTV18IRSensorController
                0x000030b0       0x14 IRSensorController.o
                0x000030b0                vtable for IRSensorController
 .rodata._ZZN3due8pin_infoENS_4pinsEE14pin_info_array
                0x000030c4       0xa4 IRSensorController.o
 .rodata._ZTVN3due8d2_36kHzE
                0x00003168        0xc IRLed.o
                0x00003168                vtable for due::d2_36kHz
 .rodata._ZTVN4rtos7channelIiLi10EEE
                0x00003174        0xc IRLedController.o
                0x00003174                vtable for rtos::channel<int, 10>
 .rodata.str1.1
                0x00003180       0x38 IRLedController.o
                                 0x83 (size before relaxing)
 .rodata._ZTV15IRLedController
                0x000031b8       0x14 IRLedController.o
                0x000031b8                vtable for IRLedController
 .rodata._ZTVN4rtos8callbackE
                0x000031cc       0x10 GameTimeControl.o
                0x000031cc                vtable for rtos::callback
 .rodata._ZTV15GameTimeControl
                0x000031dc       0x14 GameTimeControl.o
                0x000031dc                vtable for GameTimeControl
 .rodata.str1.1
                0x000031f0       0x37 GameTimeControl.o
                                 0x62 (size before relaxing)
 *fill*         0x00003227        0x1 
 .rodata._ZTVN5hwlib14window_ostreamE
                0x00003228       0x20 OLEDControl.o
                0x00003228                vtable for hwlib::window_ostream
 .rodata._ZTVN5hwlib11window_partE
                0x00003248       0x10 OLEDControl.o
                0x00003248                vtable for hwlib::window_part
 .rodata._ZTVN5hwlib16font_default_8x8E
                0x00003258        0xc OLEDControl.o
                0x00003258                vtable for hwlib::font_default_8x8
 .rodata.str1.1
                0x00003264       0x4a OLEDControl.o
                                 0x63 (size before relaxing)
 *fill*         0x000032ae        0x2 
 .rodata._ZTVN4rtos7channelIcLi1EEE
                0x000032b0        0xc GameControl.o
                0x000032b0                vtable for rtos::channel<char, 1>
 .rodata._ZTVN4rtos7channelI7COMMANDLi50EEE
                0x000032bc        0xc GameControl.o
                0x000032bc                vtable for rtos::channel<COMMAND, 50>
 .rodata._ZTV11GameControl
                0x000032c8       0x44 GameControl.o
                0x000032c8                vtable for GameControl
 .rodata.str1.1
                0x0000330c       0x2d GameControl.o
                                 0x87 (size before relaxing)
 .rodata.str1.1
                0x00003339       0x1d DebugState.o
                                 0x34 (size before relaxing)
 *fill*         0x00003356        0x2 
 .rodata._ZTV10DebugState
                0x00003358       0x14 DebugState.o
                0x00003358                vtable for DebugState
 .rodata._ZTV13KeypadControl
                0x0000336c       0x14 KeypadControl.o
                0x0000336c                vtable for KeypadControl
 .rodata.str1.1
                0x00003380       0x1a KeypadControl.o
                                 0x31 (size before relaxing)
 *fill*         0x0000339a        0x2 
 .rodata._ZTVN5hwlib9image_8x8E
                0x0000339c        0xc hwlib.o
                0x0000339c                vtable for hwlib::image_8x8
 .rodata._ZTVN3due6pin_inE
                0x000033a8        0xc hwlib.o
                0x000033a8                vtable for due::pin_in
 .rodata._ZTVN3due7pin_outE
                0x000033b4        0xc hwlib.o
                0x000033b4                vtable for due::pin_out
 .rodata._ZN5hwlibL5blackE
                0x000033c0        0x4 hwlib.o
 .rodata._ZN5hwlibL5whiteE
                0x000033c4        0x4 hwlib.o
 .rodata._ZN5hwlib16font_default_8x86imagesE
                0x000033c8      0xa00 hwlib.o
                0x000033c8                hwlib::font_default_8x8::images
 .rodata._ZTVN4rtos8waitableE
                0x00003dc8        0xc rtos.o
                0x00003dc8                vtable for rtos::waitable
 .rodata._ZTVN4rtos4flagE
                0x00003dd4        0xc rtos.o
                0x00003dd4                vtable for rtos::flag
 .rodata._ZTVN4rtos12channel_baseE
                0x00003de0        0xc rtos.o
                0x00003de0                vtable for rtos::channel_base
 .rodata._ZTVN4rtos5clockE
                0x00003dec       0x20 rtos.o
                0x00003dec                vtable for rtos::clock
 .rodata.str1.1
                0x00003e0c      0x30d rtos.o
                                0x338 (size before relaxing)
 *fill*         0x00004119        0x3 
 .rodata._ZTVN4rtos5timerE
                0x0000411c       0x24 rtos.o
                0x0000411c                vtable for rtos::timer
 .rodata._ZTVN4rtos9task_baseE
                0x00004140       0x14 rtos.o
                0x00004140                vtable for rtos::task_base
 .rodata._ZTVN5hwlib17port_in_from_pinsE
                0x00004154       0x10 main.o
                0x00004154                vtable for hwlib::port_in_from_pins
 .rodata._ZTVN5hwlib17port_oc_from_pinsE
                0x00004164       0x14 main.o
                0x00004164                vtable for hwlib::port_oc_from_pins
 .rodata._ZTVN5hwlib26i2c_bus_bit_banged_scl_sdaE
                0x00004178       0x10 main.o
                0x00004178                vtable for hwlib::i2c_bus_bit_banged_scl_sda
 .rodata._ZTVN5hwlib18glcd_oled_bufferedE
                0x00004188       0x10 main.o
                0x00004188                vtable for hwlib::glcd_oled_buffered
 .rodata._ZTVN3due6pin_ocE
                0x00004198       0x10 main.o
                0x00004198                vtable for due::pin_oc
 .rodata._ZTVN5hwlib6keypadILi16EEE
                0x000041a8       0x10 main.o
                0x000041a8                vtable for hwlib::keypad<16>
 .rodata._ZZN5hwlib18glcd_oled_bufferedC4ERNS_7i2c_busEjE13init_sequence
                0x000041b8       0x29 main.o
                0x000041b8                hwlib::glcd_oled_buffered::glcd_oled_buffered(hwlib::i2c_bus&, unsigned int)::init_sequence
 .rodata.str1.1
                0x000041e1       0x42 main.o
                                 0x8e (size before relaxing)
                0x00004224                . = ALIGN (0x4)
 *fill*         0x00004223        0x1 
 *(.ARM.extab* .gnu.linkonce.armextab.*)
                0x00004224                . = ALIGN (0x4)
 *(.gcc_except_table)
                0x00004224                . = ALIGN (0x4)
 *(.eh_frame_hdr)
                0x00004224                . = ALIGN (0x4)
 *(.eh_frame)
                0x00004224                . = ALIGN (0x4)
                0x00004224                __text_end = .
                [!provide]                PROVIDE (__text_end, __text_end)

.vfp11_veneer   0x00004224        0x0
 .vfp11_veneer  0x00004224        0x0 linker stubs

.v4_bx          0x00004224        0x0
 .v4_bx         0x00004224        0x0 linker stubs

.iplt           0x00004224        0x0
 .iplt          0x00004224        0x0 IRSensorController.o

.IF_YOU_SEE_THIS_YOU_HAVE_ONE_OR_MORE_GLOBAL_OBJECT_CONSTRUCTORS
 *(.init)
 *(.preinit_array)
 *(SORT(.init_array.*))
 *(.init_array)
                0x00004224                . = ALIGN (0x4)
                0x00004224                __exidx_start = .
                [!provide]                PROVIDE (__exidx_start, __exidx_start)

.ARM.exidx      0x00004224        0x8
 *(.ARM.exidx* .gnu.linkonce.armexidx.*)
 .ARM.exidx     0x00004224        0x8 c:/program files (x86)/gnu tools arm embedded/5.3 2016q1/bin/../lib/gcc/arm-none-eabi/5.3.1/armv7-m\libgcc.a(_udivmoddi4.o)

.rel.dyn        0x0000422c        0x0
 .rel.iplt      0x0000422c        0x0 IRSensorController.o
                0x0000422c                . = ALIGN (0x4)
                0x0000422c                __exidx_end = .
                [!provide]                PROVIDE (__exidx_end, __exidx_end)

.bss            0x20000000    0x14058
                0x20000000                . = ALIGN (0x4)
                0x20000000                __bss_start = .
                [!provide]                PROVIDE (__bss_start, __bss_start)
                0x20000000                . = ALIGN (0x4)
                0x20000000                __stack_start = .
                [!provide]                PROVIDE (__stack_start, __stack_start)
                0x20000000                . = ALIGN (0x4)
 *(.bmptk_stack)
 .bmptk_stack   0x20000000    0x14000 bmptk_fixed_size_stack.o
                0x20000000                bmptk_stack
                0x20014000                . = ALIGN (0x8)
                0x20014000                __main_stack_end = .
                [!provide]                PROVIDE (__main_stack_end, __main_stack_end)
                0x20014000                . = ALIGN (0x4)
                0x20014000                __stack_end = .
                [!provide]                PROVIDE (__stack_end, __stack_end)
                0x20014000                . = ALIGN (0x4)
 *(.bss .bss.* .gnu.linkonce.b.*)
 .bss._ZZN3due9now_ticksEvE4high
                0x20014000        0x8 IRSensorController.o
 .bss._ZZN3due9now_ticksEvE8last_low
                0x20014008        0x4 IRSensorController.o
 .bss._ZZN3due9now_ticksEvE9init_done
                0x2001400c        0x1 IRSensorController.o
 *fill*         0x2001400d        0x3 
 .bss._ZGVZN5hwlib9uart_putcEcE3pin
                0x20014010        0x4 hwlib.o
 .bss._ZZN5hwlib9uart_putcEcE3pin
                0x20014014        0xc hwlib.o
 .bss._ZN17coroutine_context7main_spE
                0x20014020        0x4 coroutine.o
                0x20014020                coroutine_context::main_sp
 .bss._ZN4rtos17scheduler_runningE
                0x20014024        0x1 rtos.o
                0x20014024                rtos::scheduler_running
 .bss._ZN4rtos10must_clearE
                0x20014025        0x1 rtos.o
                0x20014025                rtos::must_clear
 *fill*         0x20014026        0x2 
 .bss._ZN4rtos6clocksE
                0x20014028        0x4 rtos.o
                0x20014028                rtos::clocks
 .bss._ZN4rtos17rtos_current_taskE
                0x2001402c        0x4 rtos.o
                0x2001402c                rtos::rtos_current_task
 .bss._ZN4rtos9timerListE
                0x20014030        0x4 rtos.o
                0x20014030                rtos::timerList
 .bss._ZN4rtos8taskListE
                0x20014034        0x4 rtos.o
                0x20014034                rtos::taskList
 .bss._ZN4rtos6timersE
                0x20014038        0x4 rtos.o
                0x20014038                rtos::timers
 .bss._ZN4rtos5flagsE
                0x2001403c        0x4 rtos.o
                0x2001403c                rtos::flags
 .bss.last_run_time
                0x20014040        0x8 rtos.o
                0x20014040                last_run_time
 .bss._ZN4rtos5poolsE
                0x20014048        0x4 rtos.o
                0x20014048                rtos::pools
 .bss._ZN4rtos7mutexesE
                0x2001404c        0x4 rtos.o
                0x2001404c                rtos::mutexes
 .bss._ZN4rtos9mailboxesE
                0x20014050        0x4 rtos.o
                0x20014050                rtos::mailboxes
 .bss._ZN4rtos8channelsE
                0x20014054        0x4 rtos.o
                0x20014054                rtos::channels
                0x20014058                . = ALIGN (0x4)
 *(COMMON)
                0x20014058                . = ALIGN (0x4)
                0x20014058                __bss_end = .
                [!provide]                PROVIDE (__bss_end, __bss_end)

.data           0x20014058       0x2c load address 0x0000422c
                0x20014058                . = ALIGN (0x4)
                0x0000422c                __data_init_start = LOADADDR (.data)
                [!provide]                PROVIDE (__data_init_start, __data_init_start)
                0x20014058                __data_start = .
                [!provide]                PROVIDE (__data_start, __data_start)
                0x20014058                . = ALIGN (0x4)
 *(.data .data.* .gnu.linkonce.d.*)
 .data._ZN5hwlib12pin_in_dummyE
                0x20014058        0x4 IRSensorController.o
                0x20014058                hwlib::pin_in_dummy
 .data._ZN5hwlib12pin_oc_dummyE
                0x2001405c        0x4 IRSensorController.o
                0x2001405c                hwlib::pin_oc_dummy
 .data._ZN6sam3xa15SystemCoreClockE
                0x20014060        0x4 IRSensorController.o
                0x20014060                sam3xa::SystemCoreClock
 .data._ZN5hwlib4coutE
                0x20014064       0x14 IRSensorController.o
                0x20014064                hwlib::cout
 .data._ZN17coroutine_context24current_coroutine_sp_ptrE
                0x20014078        0x4 coroutine.o
                0x20014078                coroutine_context::current_coroutine_sp_ptr
 .data._last_free
                0x2001407c        0x4 bmptk_heap_bmptk.o
                0x2001407c                _last_free
 .data._first_free
                0x20014080        0x4 bmptk_heap_bmptk.o
                0x20014080                _first_free
                0x20014084                . = ALIGN (0x4)
                0x20014084                __data_end = .
                [!provide]                PROVIDE (__data_end, __data_end)
                0x0000422c                __data_init_end = LOADADDR (.data)
                [!provide]                PROVIDE (__data_init_end, __data_init_end)
                0x0000002c                PROVIDE (__data_size, (__data_end - __data_start))
                0x0000002c                PROVIDE (__data_init_size, __data_size)
                [!provide]                PROVIDE (__data_init_end, (__data_init_start + __data_init_size))

.igot.plt       0x20014084        0x0 load address 0x00004258
 .igot.plt      0x20014084        0x0 IRSensorController.o
                0x20014084                . = ALIGN (0x4)
                0x20014084                __heap_start = .
                [!provide]                PROVIDE (__heap_start, __heap_start)
                0x20014084                . = ALIGN (0x4)
                0x20018000                __heap_end = __ram_end
                [!provide]                PROVIDE (__heap_end, __heap_end)

.stab
 *(.stab)

.stabstr
 *(.stabstr)

.debug
 *(.debug)

.line
 *(.line)

.debug_srcinfo
 *(.debug_srcinfo)

.debug_sfnames
 *(.debug_sfnames)

.debug_aranges
 *(.debug_aranges)

.debug_pubnames
 *(.debug_pubnames)

.debug_info
 *(.debug_info .gnu.linkonce.wi.*)

.debug_abbrev
 *(.debug_abbrev)

.debug_line
 *(.debug_line)

.debug_frame    0x00000000       0x7c
 *(.debug_frame)
 .debug_frame   0x00000000       0x44 c:/program files (x86)/gnu tools arm embedded/5.3 2016q1/bin/../lib/gcc/arm-none-eabi/5.3.1/armv7-m\libgcc.a(_aeabi_ldivmod.o)
 .debug_frame   0x00000044       0x38 c:/program files (x86)/gnu tools arm embedded/5.3 2016q1/bin/../lib/gcc/arm-none-eabi/5.3.1/armv7-m\libgcc.a(_udivmoddi4.o)

.comment        0x00000000       0x6e
 .comment       0x00000000       0x6e IRSensorController.o
                                 0x6f (size before relaxing)
 .comment       0x0000006e       0x6f IRSensor.o
 .comment       0x0000006e       0x6f IRLed.o
 .comment       0x0000006e       0x6f IRLedController.o
 .comment       0x0000006e       0x6f GameTimeControl.o
 .comment       0x0000006e       0x6f OLEDControl.o
 .comment       0x0000006e       0x6f GameData.o
 .comment       0x0000006e       0x6f GameControl.o
 .comment       0x0000006e       0x6f DebugState.o
 .comment       0x0000006e       0x6f KeypadControl.o
 .comment       0x0000006e       0x6f hwlib.o
 .comment       0x0000006e       0x6f coroutine.o
 .comment       0x0000006e       0x6f rtos.o
 .comment       0x0000006e       0x6f main.o
 .comment       0x0000006e       0x6f bmptk_cortex.o
 .comment       0x0000006e       0x6f bmptk_heap_bmptk.o
 .comment       0x0000006e       0x6f bmptk_fixed_size_stack.o

.debug_str
 *(.debug_str)

.debug_loc
 *(.debug_loc)

.debug_macinfo
 *(.debug_macinfo)

.debug_weaknames
 *(.debug_weaknames)

.debug_funcnames
 *(.debug_funcnames)

.debug_typenames
 *(.debug_typenames)

.debug_varnames
 *(.debug_varnames)

.note.gnu.arm.ident
 *(.note.gnu.arm.ident)

.ARM.attributes
                0x00000000       0x31
 *(.ARM.attributes)
 .ARM.attributes
                0x00000000       0x33 IRSensorController.o
 .ARM.attributes
                0x00000033       0x33 IRSensor.o
 .ARM.attributes
                0x00000066       0x33 IRLed.o
 .ARM.attributes
                0x00000099       0x33 IRLedController.o
 .ARM.attributes
                0x000000cc       0x33 GameTimeControl.o
 .ARM.attributes
                0x000000ff       0x33 OLEDControl.o
 .ARM.attributes
                0x00000132       0x33 GameData.o
 .ARM.attributes
                0x00000165       0x33 GameControl.o
 .ARM.attributes
                0x00000198       0x33 DebugState.o
 .ARM.attributes
                0x000001cb       0x33 KeypadControl.o
 .ARM.attributes
                0x000001fe       0x33 hwlib.o
 .ARM.attributes
                0x00000231       0x33 coroutine.o
 .ARM.attributes
                0x00000264       0x21 switch_to.o
 .ARM.attributes
                0x00000285       0x33 rtos.o
 .ARM.attributes
                0x000002b8       0x33 main.o
 .ARM.attributes
                0x000002eb       0x33 bmptk_cortex.o
 .ARM.attributes
                0x0000031e       0x33 bmptk_heap_bmptk.o
 .ARM.attributes
                0x00000351       0x33 bmptk_fixed_size_stack.o
 .ARM.attributes
                0x00000384       0x1d c:/program files (x86)/gnu tools arm embedded/5.3 2016q1/bin/../lib/gcc/arm-none-eabi/5.3.1/armv7-m\libgcc.a(_aeabi_ldivmod.o)
 .ARM.attributes
                0x000003a1       0x2d c:/program files (x86)/gnu tools arm embedded/5.3 2016q1/bin/../lib/gcc/arm-none-eabi/5.3.1/armv7-m\libgcc.a(_udivmoddi4.o)
 .ARM.attributes
                0x000003ce       0x1d c:/program files (x86)/gnu tools arm embedded/5.3 2016q1/bin/../lib/gcc/arm-none-eabi/5.3.1/armv7-m\libgcc.a(_dvmd_tls.o)

/DISCARD/
 *(.note.GNU-stack)
                [!provide]                PROVIDE (__text_size, (__text_end - __text_start))
                [!provide]                PROVIDE (__exidx_size, (__exidx_end - __exidx_start))
                [!provide]                PROVIDE (__bss_size, (__bss_end - __bss_start))
                [!provide]                PROVIDE (__stack_size, (__stack_end - __stack_start))
                [!provide]                PROVIDE (__heap_size, (__heap_end - __heap_start))
OUTPUT(main.elf elf32-littlearm)
